Archive member included because of file (symbol)

/Users/cwai_13/Library/Arduino15/packages/arduino/hardware/sam/1.6.12/variants/arduino_due_x/libsam_sam3x8e_gcc_rel.a(startup_sam3xa.o)
                              (Reset_Handler)
/Users/cwai_13/Library/Arduino15/packages/arduino/hardware/sam/1.6.12/variants/arduino_due_x/libsam_sam3x8e_gcc_rel.a(uotghs.o)
                              /Users/cwai_13/Library/Arduino15/packages/arduino/hardware/sam/1.6.12/variants/arduino_due_x/libsam_sam3x8e_gcc_rel.a(startup_sam3xa.o) (UOTGHS_Handler)
build-arduino_due_x/libcore.a(variant.cpp.o)
                              /Users/cwai_13/Library/Arduino15/packages/arduino/hardware/sam/1.6.12/variants/arduino_due_x/libsam_sam3x8e_gcc_rel.a(startup_sam3xa.o) (UART_Handler)
build-arduino_due_x/libcore.a(adc.c.o)
                              build-arduino_due_x/libcore.a(variant.cpp.o) (adc_init)
build-arduino_due_x/libcore.a(pio.c.o)
                              build-arduino_due_x/libcore.a(variant.cpp.o) (PIO_Configure)
build-arduino_due_x/libcore.a(pmc.c.o)
                              build-arduino_due_x/libcore.a(variant.cpp.o) (pmc_enable_periph_clk)
build-arduino_due_x/libcore.a(system_sam3xa.c.o)
                              build-arduino_due_x/libcore.a(variant.cpp.o) (SystemInit)
build-arduino_due_x/libcore.a(WInterrupts.c.o)
                              /Users/cwai_13/Library/Arduino15/packages/arduino/hardware/sam/1.6.12/variants/arduino_due_x/libsam_sam3x8e_gcc_rel.a(startup_sam3xa.o) (PIOA_Handler)
build-arduino_due_x/libcore.a(cortex_handlers.c.o)
                              /Users/cwai_13/Library/Arduino15/packages/arduino/hardware/sam/1.6.12/variants/arduino_due_x/libsam_sam3x8e_gcc_rel.a(startup_sam3xa.o) (NMI_Handler)
build-arduino_due_x/libcore.a(hooks.c.o)
                              build-arduino_due_x/libcore.a(cortex_handlers.c.o) (sysTickHook)
build-arduino_due_x/libcore.a(syscalls_sam3.c.o)
                              (_sbrk)
build-arduino_due_x/libcore.a(wiring_analog.c.o)
                              build-arduino_due_x/libcore.a(variant.cpp.o) (analogOutputInit)
build-arduino_due_x/libcore.a(wiring_digital.c.o)
                              build-arduino_due_x/libcore.a(wiring_analog.c.o) (pinMode)
build-arduino_due_x/libcore.a(Reset.cpp.o)
                              build-arduino_due_x/libcore.a(cortex_handlers.c.o) (tickReset)
build-arduino_due_x/libcore.a(RingBuffer.cpp.o)
                              build-arduino_due_x/libcore.a(variant.cpp.o) (RingBuffer::RingBuffer())
build-arduino_due_x/libcore.a(UARTClass.cpp.o)
                              build-arduino_due_x/libcore.a(variant.cpp.o) (UARTClass::available())
build-arduino_due_x/libcore.a(USARTClass.cpp.o)
                              build-arduino_due_x/libcore.a(variant.cpp.o) (USARTClass::USARTClass(Usart*, IRQn, unsigned long, RingBuffer*, RingBuffer*))
build-arduino_due_x/libcore.a(abi.cpp.o)
                              build-arduino_due_x/libcore.a(UARTClass.cpp.o) (__cxa_pure_virtual)
build-arduino_due_x/libcore.a(dacc.c.o)
                              build-arduino_due_x/libcore.a(wiring_analog.c.o) (dacc_reset)
build-arduino_due_x/libcore.a(pwmc.c.o)
                              build-arduino_due_x/libcore.a(wiring_analog.c.o) (PWMC_ConfigureChannel)
build-arduino_due_x/libcore.a(tc.c.o)
                              build-arduino_due_x/libcore.a(wiring_analog.c.o) (TC_Configure)
build-arduino_due_x/libcore.a(timetick.c.o)
                              build-arduino_due_x/libcore.a(cortex_handlers.c.o) (TimeTick_Increment)
build-arduino_due_x/libcore.a(Print.cpp.o)
                              build-arduino_due_x/libcore.a(UARTClass.cpp.o) (Print::write(unsigned char const*, unsigned int))
/Users/cwai_13/Library/Arduino15/packages/arduino/tools/arm-none-eabi-gcc/4.8.3-2014q1/bin/../lib/gcc/arm-none-eabi/4.8.3/../../../../arm-none-eabi/lib/armv7-m/libm.a(lib_a-s_fpclassify.o)
                              build-arduino_due_x/libcore.a(Print.cpp.o) (__fpclassifyd)
/Users/cwai_13/Library/Arduino15/packages/arduino/tools/arm-none-eabi-gcc/4.8.3-2014q1/bin/../lib/gcc/arm-none-eabi/4.8.3/armv7-m/libgcc.a(_arm_addsubdf3.o)
                              build-arduino_due_x/libcore.a(Print.cpp.o) (__aeabi_dsub)
/Users/cwai_13/Library/Arduino15/packages/arduino/tools/arm-none-eabi-gcc/4.8.3-2014q1/bin/../lib/gcc/arm-none-eabi/4.8.3/armv7-m/libgcc.a(_arm_muldivdf3.o)
                              build-arduino_due_x/libcore.a(Print.cpp.o) (__aeabi_dmul)
/Users/cwai_13/Library/Arduino15/packages/arduino/tools/arm-none-eabi-gcc/4.8.3-2014q1/bin/../lib/gcc/arm-none-eabi/4.8.3/armv7-m/libgcc.a(_arm_cmpdf2.o)
                              build-arduino_due_x/libcore.a(Print.cpp.o) (__aeabi_dcmplt)
/Users/cwai_13/Library/Arduino15/packages/arduino/tools/arm-none-eabi-gcc/4.8.3-2014q1/bin/../lib/gcc/arm-none-eabi/4.8.3/armv7-m/libgcc.a(_arm_fixunsdfsi.o)
[...]
Memory Configuration

Name             Origin             Length             Attributes
rom              0x0000000000080000 0x0000000000080000 xr
sram0            0x0000000020000000 0x0000000000010000 xrw
sram1            0x0000000020080000 0x0000000000008000 xrw
ram              0x0000000020070000 0x0000000000018000 xrw
*default*        0x0000000000000000 0xffffffffffffffff

Linker script and memory map

LOAD /Users/cwai_13/Library/Arduino15/packages/arduino/tools/arm-none-eabi-gcc/4.8.3-2014q1/bin/../lib/gcc/arm-none-eabi/4.8.3/armv7-m/crti.o
LOAD /Users/cwai_13/Library/Arduino15/packages/arduino/tools/arm-none-eabi-gcc/4.8.3-2014q1/bin/../lib/gcc/arm-none-eabi/4.8.3/armv7-m/crtbegin.o
LOAD /Users/cwai_13/Library/Arduino15/packages/arduino/tools/arm-none-eabi-gcc/4.8.3-2014q1/bin/../lib/gcc/arm-none-eabi/4.8.3/../../../../arm-none-eabi/lib/armv7-m/crt0.o
LOAD build-arduino_due_x/main.c.o
LOAD /Users/cwai_13/Library/Arduino15/packages/arduino/hardware/sam/1.6.12/variants/arduino_due_x/libsam_sam3x8e_gcc_rel.a
START GROUP
LOAD build-arduino_due_x/libcore.a
END GROUP
LOAD /Users/cwai_13/Library/Arduino15/packages/arduino/tools/arm-none-eabi-gcc/4.8.3-2014q1/bin/../lib/gcc/arm-none-eabi/4.8.3/../../../../arm-none-eabi/lib/armv7-m/libstdc++.a
LOAD /Users/cwai_13/Library/Arduino15/packages/arduino/tools/arm-none-eabi-gcc/4.8.3-2014q1/bin/../lib/gcc/arm-none-eabi/4.8.3/../../../../arm-none-eabi/lib/armv7-m/libm.a
START GROUP
LOAD /Users/cwai_13/Library/Arduino15/packages/arduino/tools/arm-none-eabi-gcc/4.8.3-2014q1/bin/../lib/gcc/arm-none-eabi/4.8.3/armv7-m/libgcc.a
LOAD /Users/cwai_13/Library/Arduino15/packages/arduino/tools/arm-none-eabi-gcc/4.8.3-2014q1/bin/../lib/gcc/arm-none-eabi/4.8.3/../../../../arm-none-eabi/lib/armv7-m/libc.a
END GROUP
LOAD /Users/cwai_13/Library/Arduino15/packages/arduino/tools/arm-none-eabi-gcc/4.8.3-2014q1/bin/../lib/gcc/arm-none-eabi/4.8.3/armv7-m/crtend.o
LOAD /Users/cwai_13/Library/Arduino15/packages/arduino/tools/arm-none-eabi-gcc/4.8.3-2014q1/bin/../lib/gcc/arm-none-eabi/4.8.3/armv7-m/crtn.o

.text           0x0000000000080000     0x19a0
                0x0000000000080000                . = ALIGN (0x4)
                0x0000000000080000                _sfixed = .
 *(.vectors .vectors.*)
 .vectors       0x0000000000080000       0xf4 /Users/cwai_13/Library/Arduino15/packages/arduino/hardware/sam/1.6.12/variants/arduino_due_x/libsam_sam3x8e_gcc_rel.a(startup_sam3xa.o)
                0x0000000000080000                exception_table
 *(.text .text.* .gnu.linkonce.t.*)
 .text          0x00000000000800f4       0x54 /Users/cwai_13/Library/Arduino15/packages/arduino/tools/arm-none-eabi-gcc/4.8.3-2014q1/bin/../lib/gcc/arm-none-eabi/4.8.3/armv7-m/crtbegin.o
 .text.startup.main
                0x0000000000080148        0x8 build-arduino_due_x/main.c.o
                0x0000000000080148                main
 .text.Reset_Handler
                0x0000000000080150       0x78 /Users/cwai_13/Library/Arduino15/packages/arduino/hardware/sam/1.6.12/variants/arduino_due_x/libsam_sam3x8e_gcc_rel.a(startup_sam3xa.o)
                0x0000000000080150                Reset_Handler
 .text.UOTGHS_Handler
                0x00000000000801c8       0x10 /Users/cwai_13/Library/Arduino15/packages/arduino/hardware/sam/1.6.12/variants/arduino_due_x/libsam_sam3x8e_gcc_rel.a(uotghs.o)
                0x00000000000801c8                UOTGHS_Handler
 .text.UART_Handler
                0x00000000000801d8        0xc build-arduino_due_x/libcore.a(variant.cpp.o)
                0x00000000000801d8                UART_Handler
 .text.USART0_Handler
                0x00000000000801e4        0xc build-arduino_due_x/libcore.a(variant.cpp.o)
                0x00000000000801e4                USART0_Handler
 .text.USART1_Handler
                0x00000000000801f0        0xc build-arduino_due_x/libcore.a(variant.cpp.o)
                0x00000000000801f0                USART1_Handler
 .text.USART3_Handler
                0x00000000000801fc        0xc build-arduino_due_x/libcore.a(variant.cpp.o)
                0x00000000000801fc                USART3_Handler
 .text.init     0x0000000000080208      0x128 build-arduino_due_x/libcore.a(variant.cpp.o)
                0x0000000000080208                init
 .text.startup._GLOBAL__sub_I_g_APinDescription
                0x0000000000080330       0xd4 build-arduino_due_x/libcore.a(variant.cpp.o)
 .text.adc_init
                0x0000000000080404       0x98 build-arduino_due_x/libcore.a(adc.c.o)
                0x0000000000080404                adc_init
 .text.adc_configure_trigger
                0x000000000008049c       0x2a build-arduino_due_x/libcore.a(adc.c.o)
                0x000000000008049c                adc_configure_trigger
 .text.adc_configure_timing
                0x00000000000804c6       0x1a build-arduino_due_x/libcore.a(adc.c.o)
                0x00000000000804c6                adc_configure_timing
 .text.adc_disable_channel
                0x00000000000804e0        0xa build-arduino_due_x/libcore.a(adc.c.o)
                0x00000000000804e0                adc_disable_channel
 .text.adc_disable_all_channel
                0x00000000000804ea        0x8 build-arduino_due_x/libcore.a(adc.c.o)
                0x00000000000804ea                adc_disable_all_channel
 .text.adc_disable_interrupt
                0x00000000000804f2        0x4 build-arduino_due_x/libcore.a(adc.c.o)
                0x00000000000804f2                adc_disable_interrupt
 .text.PIO_PullUp
                0x00000000000804f6        0xa build-arduino_due_x/libcore.a(pio.c.o)
                0x00000000000804f6                PIO_PullUp
 .text.PIO_SetPeripheral
                0x0000000000080500       0x26 build-arduino_due_x/libcore.a(pio.c.o)
                0x0000000000080500                PIO_SetPeripheral
 .text.PIO_SetInput
                0x0000000000080526       0x26 build-arduino_due_x/libcore.a(pio.c.o)
                0x0000000000080526                PIO_SetInput
 .text.PIO_SetOutput
                0x000000000008054c       0x24 build-arduino_due_x/libcore.a(pio.c.o)
                0x000000000008054c                PIO_SetOutput
 .text.PIO_Configure
                0x0000000000080570       0x56 build-arduino_due_x/libcore.a(pio.c.o)
                0x0000000000080570                PIO_Configure
 .text.PIO_GetOutputDataStatus
                0x00000000000805c6       0x14 build-arduino_due_x/libcore.a(pio.c.o)
                0x00000000000805c6                PIO_GetOutputDataStatus
 *fill*         0x00000000000805da        0x2 
 .text.pmc_enable_periph_clk
                0x00000000000805dc       0x44 build-arduino_due_x/libcore.a(pmc.c.o)
                0x00000000000805dc                pmc_enable_periph_clk
 .text.pmc_disable_periph_clk
                0x0000000000080620       0x40 build-arduino_due_x/libcore.a(pmc.c.o)
                0x0000000000080620                pmc_disable_periph_clk
 .text.SystemInit
                0x0000000000080660       0x88 build-arduino_due_x/libcore.a(system_sam3xa.c.o)
                0x0000000000080660                SystemInit
 .text.PIOA_Handler
                0x00000000000806e8       0x38 build-arduino_due_x/libcore.a(WInterrupts.c.o)
                0x00000000000806e8                PIOA_Handler
 .text.PIOB_Handler
                0x0000000000080720       0x38 build-arduino_due_x/libcore.a(WInterrupts.c.o)
                0x0000000000080720                PIOB_Handler
 .text.PIOC_Handler
                0x0000000000080758       0x38 build-arduino_due_x/libcore.a(WInterrupts.c.o)
                0x0000000000080758                PIOC_Handler
 .text.PIOD_Handler
                0x0000000000080790       0x38 build-arduino_due_x/libcore.a(WInterrupts.c.o)
                0x0000000000080790                PIOD_Handler
 .text.__halt   0x00000000000807c8        0x2 build-arduino_due_x/libcore.a(cortex_handlers.c.o)
                0x00000000000807c8                SPI0_Handler
                0x00000000000807c8                DebugMon_Handler
                0x00000000000807c8                DMAC_Handler
                0x00000000000807c8                TRNG_Handler
                0x00000000000807c8                HardFault_Handler
                0x00000000000807c8                TC2_Handler
                0x00000000000807c8                TWI1_Handler
                0x00000000000807c8                NMI_Handler
                0x00000000000807c8                TC7_Handler
                0x00000000000807c8                ADC_Handler
                0x00000000000807c8                SMC_Handler
                0x00000000000807c8                RTT_Handler
                0x00000000000807c8                EFC1_Handler
                0x00000000000807c8                RTC_Handler
                0x00000000000807c8                UsageFault_Handler
                0x00000000000807c8                TC6_Handler
                0x00000000000807c8                WDT_Handler
                0x00000000000807c8                CAN0_Handler
                0x00000000000807c8                TC4_Handler
                0x00000000000807c8                TC1_Handler
                0x00000000000807c8                HSMCI_Handler
                0x00000000000807c8                TC3_Handler
                0x00000000000807c8                TWI0_Handler
                0x00000000000807c8                SSC_Handler
                0x00000000000807c8                EFC0_Handler
                0x00000000000807c8                PMC_Handler
                0x00000000000807c8                PWM_Handler
                0x00000000000807c8                CAN1_Handler
                0x00000000000807c8                MemManage_Handler
                0x00000000000807c8                SUPC_Handler
                0x00000000000807c8                TC8_Handler
                0x00000000000807c8                USART2_Handler
                0x00000000000807c8                EMAC_Handler
                0x00000000000807c8                BusFault_Handler
                0x00000000000807c8                RSTC_Handler
                0x00000000000807c8                TC0_Handler
                0x00000000000807c8                TC5_Handler
                0x00000000000807c8                DACC_Handler
 .text.SVC_Handler
                0x00000000000807ca        0x4 build-arduino_due_x/libcore.a(cortex_handlers.c.o)
                0x00000000000807ca                SVC_Handler
 .text.PendSV_Handler
                0x00000000000807ce        0x4 build-arduino_due_x/libcore.a(cortex_handlers.c.o)
                0x00000000000807ce                PendSV_Handler
 .text.SysTick_Handler
                0x00000000000807d2       0x16 build-arduino_due_x/libcore.a(cortex_handlers.c.o)
                0x00000000000807d2                SysTick_Handler
 .text.__false  0x00000000000807e8        0x4 build-arduino_due_x/libcore.a(hooks.c.o)
                0x00000000000807e8                sysTickHook
 .text.__halt   0x00000000000807ec        0x2 build-arduino_due_x/libcore.a(hooks.c.o)
                0x00000000000807ec                pendSVHook
                0x00000000000807ec                svcHook
 *fill*         0x00000000000807ee        0x2 
 .text._sbrk    0x00000000000807f0       0x1c build-arduino_due_x/libcore.a(syscalls_sam3.c.o)
                0x00000000000807f0                _sbrk
 .text.link     0x000000000008080c        0x6 build-arduino_due_x/libcore.a(syscalls_sam3.c.o)
                0x000000000008080c                link
 .text._close   0x0000000000080812        0x6 build-arduino_due_x/libcore.a(syscalls_sam3.c.o)
                0x0000000000080812                _close
 .text._fstat   0x0000000000080818        0xa build-arduino_due_x/libcore.a(syscalls_sam3.c.o)
                0x0000000000080818                _fstat
 .text._isatty  0x0000000000080822        0x4 build-arduino_due_x/libcore.a(syscalls_sam3.c.o)
                0x0000000000080822                _isatty
 .text._lseek   0x0000000000080826        0x4 build-arduino_due_x/libcore.a(syscalls_sam3.c.o)
                0x0000000000080826                _lseek
 .text._read    0x000000000008082a        0x4 build-arduino_due_x/libcore.a(syscalls_sam3.c.o)
                0x000000000008082a                _read
 *fill*         0x000000000008082e        0x2 
 .text._write   0x0000000000080830       0x24 build-arduino_due_x/libcore.a(syscalls_sam3.c.o)
                0x0000000000080830                _write
 .text._exit    0x0000000000080854        0x2 build-arduino_due_x/libcore.a(syscalls_sam3.c.o)
                0x0000000000080854                _exit
 .text._kill    0x0000000000080856        0x2 build-arduino_due_x/libcore.a(syscalls_sam3.c.o)
                0x0000000000080856                _kill
 .text._getpid  0x0000000000080858        0x6 build-arduino_due_x/libcore.a(syscalls_sam3.c.o)
                0x0000000000080858                _getpid
 .text.analogOutputInit
                0x000000000008085e        0x2 build-arduino_due_x/libcore.a(wiring_analog.c.o)
                0x000000000008085e                analogOutputInit
 .text.pinMode  0x0000000000080860      0x108 build-arduino_due_x/libcore.a(wiring_digital.c.o)
                0x0000000000080860                pinMode
 .text.digitalWrite
                0x0000000000080968       0x70 build-arduino_due_x/libcore.a(wiring_digital.c.o)
                0x0000000000080968                digitalWrite
 .text.tickReset
                0x00000000000809d8       0x20 build-arduino_due_x/libcore.a(Reset.cpp.o)
                0x00000000000809d8                tickReset
 .text._ZN10RingBufferC2Ev
                0x00000000000809f8       0x1a build-arduino_due_x/libcore.a(RingBuffer.cpp.o)
                0x00000000000809f8                RingBuffer::RingBuffer()
                0x00000000000809f8                RingBuffer::RingBuffer()
 .text._ZN10RingBuffer10store_charEh
                0x0000000000080a12       0x1e build-arduino_due_x/libcore.a(RingBuffer.cpp.o)
                0x0000000000080a12                RingBuffer::store_char(unsigned char)
 .text._ZN9UARTClasscvbEv
                0x0000000000080a30        0x4 build-arduino_due_x/libcore.a(UARTClass.cpp.o)
                0x0000000000080a30                UARTClass::operator bool()
 .text._ZN9UARTClass9availableEv
                0x0000000000080a34       0x12 build-arduino_due_x/libcore.a(UARTClass.cpp.o)
                0x0000000000080a34                UARTClass::available()
 .text._ZN9UARTClass4peekEv
                0x0000000000080a46       0x1c build-arduino_due_x/libcore.a(UARTClass.cpp.o)
                0x0000000000080a46                UARTClass::peek()
 .text._ZN9UARTClass4readEv
                0x0000000000080a62       0x2a build-arduino_due_x/libcore.a(UARTClass.cpp.o)
                0x0000000000080a62                UARTClass::read()
 .text._ZN9UARTClass5flushEv
                0x0000000000080a8c       0x18 build-arduino_due_x/libcore.a(UARTClass.cpp.o)
                0x0000000000080a8c                UARTClass::flush()
 .text._ZN9UARTClass5writeEh
                0x0000000000080aa4       0x54 build-arduino_due_x/libcore.a(UARTClass.cpp.o)
                0x0000000000080aa4                UARTClass::write(unsigned char)
 .text._ZN9UARTClass3endEv
                0x0000000000080af8       0x3c build-arduino_due_x/libcore.a(UARTClass.cpp.o)
                0x0000000000080af8                UARTClass::end()
 .text._ZN9UARTClassC2EP4Uart4IRQnmP10RingBufferS4_
                0x0000000000080b34       0x24 build-arduino_due_x/libcore.a(UARTClass.cpp.o)
                0x0000000000080b34                UARTClass::UARTClass(Uart*, IRQn, unsigned long, RingBuffer*, RingBuffer*)
                0x0000000000080b34                UARTClass::UARTClass(Uart*, IRQn, unsigned long, RingBuffer*, RingBuffer*)
 .text._ZN9UARTClass4initEmm
                0x0000000000080b58       0x70 build-arduino_due_x/libcore.a(UARTClass.cpp.o)
                0x0000000000080b58                UARTClass::init(unsigned long, unsigned long)
 .text._ZN9UARTClass5beginEm
                0x0000000000080bc8        0x8 build-arduino_due_x/libcore.a(UARTClass.cpp.o)
                0x0000000000080bc8                UARTClass::begin(unsigned long)
 .text._ZN9UARTClass10IrqHandlerEv
                0x0000000000080bd0       0x5a build-arduino_due_x/libcore.a(UARTClass.cpp.o)
                0x0000000000080bd0                UARTClass::IrqHandler()
 .text._ZN10USARTClass5beginEm
                0x0000000000080c2a        0x8 build-arduino_due_x/libcore.a(USARTClass.cpp.o)
                0x0000000000080c2a                USARTClass::begin(unsigned long)
 *fill*         0x0000000000080c32        0x2 
 .text._ZN10USARTClassC2EP5Usart4IRQnmP10RingBufferS4_
                0x0000000000080c34       0x24 build-arduino_due_x/libcore.a(USARTClass.cpp.o)
                0x0000000000080c34                USARTClass::USARTClass(Usart*, IRQn, unsigned long, RingBuffer*, RingBuffer*)
                0x0000000000080c34                USARTClass::USARTClass(Usart*, IRQn, unsigned long, RingBuffer*, RingBuffer*)
 .text.TimeTick_Increment
                0x0000000000080c58       0x10 build-arduino_due_x/libcore.a(timetick.c.o)
                0x0000000000080c58                TimeTick_Increment
 .text._ZN5Print5writeEPKhj
                0x0000000000080c68       0x22 build-arduino_due_x/libcore.a(Print.cpp.o)
                0x0000000000080c68                Print::write(unsigned char const*, unsigned int)
 *fill*         0x0000000000080c8a        0x2 
 .text.__libc_init_array
                0x0000000000080c8c       0x50 /Users/cwai_13/Library/Arduino15/packages/arduino/tools/arm-none-eabi-gcc/4.8.3-2014q1/bin/../lib/gcc/arm-none-eabi/4.8.3/../../../../arm-none-eabi/lib/armv7-m/libc.a(lib_a-init.o)
                0x0000000000080c8c                __libc_init_array
 .text.memset   0x0000000000080cdc       0x94 /Users/cwai_13/Library/Arduino15/packages/arduino/tools/arm-none-eabi-gcc/4.8.3-2014q1/bin/../lib/gcc/arm-none-eabi/4.8.3/../../../../arm-none-eabi/lib/armv7-m/libc.a(lib_a-memset.o)
                0x0000000000080cdc                memset
 .text.kill     0x0000000000080d70       0x10 /Users/cwai_13/Library/Arduino15/packages/arduino/tools/arm-none-eabi-gcc/4.8.3-2014q1/bin/../lib/gcc/arm-none-eabi/4.8.3/../../../../arm-none-eabi/lib/armv7-m/libc.a(lib_a-syskill.o)
                0x0000000000080d70                kill
 .text.startup.register_fini
                0x0000000000080d80       0x14 /Users/cwai_13/Library/Arduino15/packages/arduino/tools/arm-none-eabi-gcc/4.8.3-2014q1/bin/../lib/gcc/arm-none-eabi/4.8.3/../../../../arm-none-eabi/lib/armv7-m/libc.a(lib_a-__call_atexit.o)
 .text.atexit   0x0000000000080d94        0xc /Users/cwai_13/Library/Arduino15/packages/arduino/tools/arm-none-eabi-gcc/4.8.3-2014q1/bin/../lib/gcc/arm-none-eabi/4.8.3/../../../../arm-none-eabi/lib/armv7-m/libc.a(lib_a-atexit.o)
                0x0000000000080d94                atexit
 .text.__libc_fini_array
                0x0000000000080da0       0x30 /Users/cwai_13/Library/Arduino15/packages/arduino/tools/arm-none-eabi-gcc/4.8.3-2014q1/bin/../lib/gcc/arm-none-eabi/4.8.3/../../../../arm-none-eabi/lib/armv7-m/libc.a(lib_a-fini.o)
                0x0000000000080da0                __libc_fini_array
 .text._kill_r  0x0000000000080dd0       0x28 /Users/cwai_13/Library/Arduino15/packages/arduino/tools/arm-none-eabi-gcc/4.8.3-2014q1/bin/../lib/gcc/arm-none-eabi/4.8.3/../../../../arm-none-eabi/lib/armv7-m/libc.a(lib_a-signalr.o)
                0x0000000000080dd0                _kill_r
 .text.__register_exitproc
                0x0000000000080df8       0xa8 /Users/cwai_13/Library/Arduino15/packages/arduino/tools/arm-none-eabi-gcc/4.8.3-2014q1/bin/../lib/gcc/arm-none-eabi/4.8.3/../../../../arm-none-eabi/lib/armv7-m/libc.a(lib_a-__atexit.o)
                0x0000000000080df8                __register_exitproc
 *(.glue_7t)
 .glue_7t       0x0000000000000000        0x0 linker stubs
 *(.glue_7)
 .glue_7        0x0000000000000000        0x0 linker stubs
 *(.rodata .rodata* .gnu.linkonce.r.*)
 .rodata.g_APinDescription
                0x0000000000080ea0      0xa2c build-arduino_due_x/libcore.a(variant.cpp.o)
                0x0000000000080ea0                g_APinDescription
 .rodata        0x00000000000818cc       0x40 build-arduino_due_x/libcore.a(adc.c.o)
 *fill*         0x000000000008190c        0x4 
 .rodata._ZTV9UARTClass
                0x0000000000081910       0x30 build-arduino_due_x/libcore.a(UARTClass.cpp.o)
                0x0000000000081910                vtable for UARTClass
 .rodata._ZTV10USARTClass
                0x0000000000081940       0x30 build-arduino_due_x/libcore.a(USARTClass.cpp.o)
                0x0000000000081940                vtable for USARTClass
 .rodata.str1.4
                0x0000000000081970        0x4 /Users/cwai_13/Library/Arduino15/packages/arduino/tools/arm-none-eabi-gcc/4.8.3-2014q1/bin/../lib/gcc/arm-none-eabi/4.8.3/../../../../arm-none-eabi/lib/armv7-m/libc.a(lib_a-impure.o)
 .rodata._global_impure_ptr
                0x0000000000081974        0x4 /Users/cwai_13/Library/Arduino15/packages/arduino/tools/arm-none-eabi-gcc/4.8.3-2014q1/bin/../lib/gcc/arm-none-eabi/4.8.3/../../../../arm-none-eabi/lib/armv7-m/libc.a(lib_a-impure.o)
                0x0000000000081974                _global_impure_ptr
 *(.ARM.extab* .gnu.linkonce.armextab.*)
                0x0000000000081978                . = ALIGN (0x4)
 *(.init)
 .init          0x0000000000081978        0x4 /Users/cwai_13/Library/Arduino15/packages/arduino/tools/arm-none-eabi-gcc/4.8.3-2014q1/bin/../lib/gcc/arm-none-eabi/4.8.3/armv7-m/crti.o
                0x0000000000081978                _init
 .init          0x000000000008197c        0x8 /Users/cwai_13/Library/Arduino15/packages/arduino/tools/arm-none-eabi-gcc/4.8.3-2014q1/bin/../lib/gcc/arm-none-eabi/4.8.3/armv7-m/crtn.o
                0x0000000000081984                . = ALIGN (0x4)
                0x0000000000081984                __preinit_array_start = .
 *(.preinit_array)
                0x0000000000081984                __preinit_array_end = .
                0x0000000000081984                . = ALIGN (0x4)
                0x0000000000081984                __init_array_start = .
 *(SORT(.init_array.*))
 .init_array.00000
                0x0000000000081984        0x4 /Users/cwai_13/Library/Arduino15/packages/arduino/tools/arm-none-eabi-gcc/4.8.3-2014q1/bin/../lib/gcc/arm-none-eabi/4.8.3/../../../../arm-none-eabi/lib/armv7-m/libc.a(lib_a-__call_atexit.o)
 *(.init_array)
 .init_array    0x0000000000081988        0x4 /Users/cwai_13/Library/Arduino15/packages/arduino/tools/arm-none-eabi-gcc/4.8.3-2014q1/bin/../lib/gcc/arm-none-eabi/4.8.3/armv7-m/crtbegin.o
 .init_array    0x000000000008198c        0x4 build-arduino_due_x/libcore.a(variant.cpp.o)
                0x0000000000081990                __init_array_end = .
                0x0000000000081990                . = ALIGN (0x4)
 *crtbegin.o(.ctors)
 *(EXCLUDE_FILE(*crtend.o) .ctors)
 *(SORT(.ctors.*))
 *crtend.o(.ctors)
                0x0000000000081990                . = ALIGN (0x4)
 *(.fini)
 .fini          0x0000000000081990        0x4 /Users/cwai_13/Library/Arduino15/packages/arduino/tools/arm-none-eabi-gcc/4.8.3-2014q1/bin/../lib/gcc/arm-none-eabi/4.8.3/armv7-m/crti.o
                0x0000000000081990                _fini
 .fini          0x0000000000081994        0x8 /Users/cwai_13/Library/Arduino15/packages/arduino/tools/arm-none-eabi-gcc/4.8.3-2014q1/bin/../lib/gcc/arm-none-eabi/4.8.3/armv7-m/crtn.o
                0x000000000008199c                . = ALIGN (0x4)
                0x000000000008199c                __fini_array_start = .
 *(.fini_array)
 .fini_array    0x000000000008199c        0x4 /Users/cwai_13/Library/Arduino15/packages/arduino/tools/arm-none-eabi-gcc/4.8.3-2014q1/bin/../lib/gcc/arm-none-eabi/4.8.3/armv7-m/crtbegin.o
 *(SORT(.fini_array.*))
                0x00000000000819a0                __fini_array_end = .
 *crtbegin.o(.dtors)
 *(EXCLUDE_FILE(*crtend.o) .dtors)
 *(SORT(.dtors.*))
 *crtend.o(.dtors)
                0x00000000000819a0                . = ALIGN (0x4)
                0x00000000000819a0                _efixed = .
                0x00000000000819a0                PROVIDE (__exidx_start, .)

.vfp11_veneer   0x00000000000819a0        0x0
 .vfp11_veneer  0x0000000000000000        0x0 linker stubs

.v4_bx          0x00000000000819a0        0x0
 .v4_bx         0x0000000000000000        0x0 linker stubs

.iplt           0x00000000000819a0        0x0
 .iplt          0x0000000000000000        0x0 /Users/cwai_13/Library/Arduino15/packages/arduino/tools/arm-none-eabi-gcc/4.8.3-2014q1/bin/../lib/gcc/arm-none-eabi/4.8.3/armv7-m/crtbegin.o

.eh_frame       0x00000000000819a0        0x0
 .eh_frame      0x00000000000819a0        0x0 /Users/cwai_13/Library/Arduino15/packages/arduino/tools/arm-none-eabi-gcc/4.8.3-2014q1/bin/../lib/gcc/arm-none-eabi/4.8.3/armv7-m/crtbegin.o

.rel.dyn        0x00000000000819a0        0x0
 .rel.iplt      0x0000000000000000        0x0 /Users/cwai_13/Library/Arduino15/packages/arduino/tools/arm-none-eabi-gcc/4.8.3-2014q1/bin/../lib/gcc/arm-none-eabi/4.8.3/armv7-m/crtbegin.o

.jcr            0x00000000000819a0        0x0
 .jcr           0x00000000000819a0        0x0 /Users/cwai_13/Library/Arduino15/packages/arduino/tools/arm-none-eabi-gcc/4.8.3-2014q1/bin/../lib/gcc/arm-none-eabi/4.8.3/armv7-m/crtbegin.o

.igot.plt       0x00000000000819a0        0x0
 .igot.plt      0x0000000000000000        0x0 /Users/cwai_13/Library/Arduino15/packages/arduino/tools/arm-none-eabi-gcc/4.8.3-2014q1/bin/../lib/gcc/arm-none-eabi/4.8.3/armv7-m/crtbegin.o

.ARM.exidx
 *(.ARM.exidx* .gnu.linkonce.armexidx.*)
                0x00000000000819a0                PROVIDE (__exidx_end, .)
                0x00000000000819a0                . = ALIGN (0x4)
                0x00000000000819a0                _etext = .

.relocate       0x0000000020070000      0x464 load address 0x00000000000819a0
                0x0000000020070000                . = ALIGN (0x4)
                0x0000000020070000                _srelocate = .
 *(.ramfunc .ramfunc.*)
 .ramfunc       0x0000000020070000       0x2c build-arduino_due_x/libcore.a(Reset.cpp.o)
                0x0000000020070000                banzai
 *(.data .data.*)
 .data.SystemCoreClock
                0x000000002007002c        0x4 build-arduino_due_x/libcore.a(system_sam3xa.c.o)
                0x000000002007002c                SystemCoreClock
 .data._ZL5ticks
                0x0000000020070030        0x4 build-arduino_due_x/libcore.a(Reset.cpp.o)
 *fill*         0x0000000020070034        0x4 
 .data.impure_data
                0x0000000020070038      0x428 /Users/cwai_13/Library/Arduino15/packages/arduino/tools/arm-none-eabi-gcc/4.8.3-2014q1/bin/../lib/gcc/arm-none-eabi/4.8.3/../../../../arm-none-eabi/lib/armv7-m/libc.a(lib_a-impure.o)
 .data._impure_ptr
                0x0000000020070460        0x4 /Users/cwai_13/Library/Arduino15/packages/arduino/tools/arm-none-eabi-gcc/4.8.3-2014q1/bin/../lib/gcc/arm-none-eabi/4.8.3/../../../../arm-none-eabi/lib/armv7-m/libc.a(lib_a-impure.o)
                0x0000000020070460                _impure_ptr
                0x0000000020070464                . = ALIGN (0x4)
                0x0000000020070464                _erelocate = .

.bss            0x0000000020070464      0x758 load address 0x0000000000081e04
                0x0000000020070464                . = ALIGN (0x4)
                0x0000000020070464                _sbss = .
                0x0000000020070464                _szero = .
 *(.bss .bss.*)
 .bss           0x0000000020070464       0x1c /Users/cwai_13/Library/Arduino15/packages/arduino/tools/arm-none-eabi-gcc/4.8.3-2014q1/bin/../lib/gcc/arm-none-eabi/4.8.3/armv7-m/crtbegin.o
 .bss.gpf_isr   0x0000000020070480        0x4 /Users/cwai_13/Library/Arduino15/packages/arduino/hardware/sam/1.6.12/variants/arduino_due_x/libsam_sam3x8e_gcc_rel.a(uotghs.o)
                0x0000000020070480                gpf_isr
 .bss.tx_buffer2
                0x0000000020070484       0x88 build-arduino_due_x/libcore.a(variant.cpp.o)
                0x0000000020070484                tx_buffer2
 .bss.tx_buffer1
                0x000000002007050c       0x88 build-arduino_due_x/libcore.a(variant.cpp.o)
                0x000000002007050c                tx_buffer1
 .bss.Serial    0x0000000020070594       0x24 build-arduino_due_x/libcore.a(variant.cpp.o)
                0x0000000020070594                Serial
 .bss.rx_buffer1
                0x00000000200705b8       0x88 build-arduino_due_x/libcore.a(variant.cpp.o)
                0x00000000200705b8                rx_buffer1
 .bss.Serial1   0x0000000020070640       0x28 build-arduino_due_x/libcore.a(variant.cpp.o)
                0x0000000020070640                Serial1
 .bss.Serial2   0x0000000020070668       0x28 build-arduino_due_x/libcore.a(variant.cpp.o)
                0x0000000020070668                Serial2
 .bss.Serial3   0x0000000020070690       0x28 build-arduino_due_x/libcore.a(variant.cpp.o)
                0x0000000020070690                Serial3
 .bss.tx_buffer3
                0x00000000200706b8       0x88 build-arduino_due_x/libcore.a(variant.cpp.o)
                0x00000000200706b8                tx_buffer3
 .bss.tx_buffer4
                0x0000000020070740       0x88 build-arduino_due_x/libcore.a(variant.cpp.o)
                0x0000000020070740                tx_buffer4
 .bss.g_pinStatus
                0x00000000200707c8       0x4f build-arduino_due_x/libcore.a(variant.cpp.o)
                0x00000000200707c8                g_pinStatus
 *fill*         0x0000000020070817        0x1 
 .bss.rx_buffer2
                0x0000000020070818       0x88 build-arduino_due_x/libcore.a(variant.cpp.o)
                0x0000000020070818                rx_buffer2
 .bss.rx_buffer3
                0x00000000200708a0       0x88 build-arduino_due_x/libcore.a(variant.cpp.o)
                0x00000000200708a0                rx_buffer3
 .bss.rx_buffer4
                0x0000000020070928       0x88 build-arduino_due_x/libcore.a(variant.cpp.o)
                0x0000000020070928                rx_buffer4
 .bss.callbacksPioA
                0x00000000200709b0       0x80 build-arduino_due_x/libcore.a(WInterrupts.c.o)
 .bss.callbacksPioB
                0x0000000020070a30       0x80 build-arduino_due_x/libcore.a(WInterrupts.c.o)
 .bss.callbacksPioC
                0x0000000020070ab0       0x80 build-arduino_due_x/libcore.a(WInterrupts.c.o)
 .bss.callbacksPioD
                0x0000000020070b30       0x80 build-arduino_due_x/libcore.a(WInterrupts.c.o)
 .bss.heap.6420
                0x0000000020070bb0        0x4 build-arduino_due_x/libcore.a(syscalls_sam3.c.o)
 .bss._dwTickCount
                0x0000000020070bb4        0x4 build-arduino_due_x/libcore.a(timetick.c.o)
 *(COMMON)
 COMMON         0x0000000020070bb8        0x4 /Users/cwai_13/Library/Arduino15/packages/arduino/tools/arm-none-eabi-gcc/4.8.3-2014q1/bin/../lib/gcc/arm-none-eabi/4.8.3/../../../../arm-none-eabi/lib/armv7-m/libc.a(lib_a-reent.o)
                0x0000000020070bb8                errno
                0x0000000020070bbc                . = ALIGN (0x4)
                0x0000000020070bbc                _ebss = .
                0x0000000020070bbc                _ezero = .
                0x0000000020070bbc                . = ALIGN (0x4)
                0x0000000020070bbc                _end = .

.stack_dummy    0x0000000020070bbc        0x0
 *(.stack*)
                0x0000000020088000                __StackTop = (ORIGIN (ram) + 0x18000)
                0x0000000020088000                __StackLimit = (__StackTop - SIZEOF (.stack_dummy))
                0x0000000020088000                PROVIDE (_sstack, __StackLimit)
                0x0000000020088000                PROVIDE (_estack, __StackTop)
OUTPUT(build-arduino_due_x/arduino_due_port_maipulation.elf elf32-littlearm)

.ARM.attributes
                0x0000000000000000       0x29
 .ARM.attributes
                0x0000000000000000       0x1d /Users/cwai_13/Library/Arduino15/packages/arduino/tools/arm-none-eabi-gcc/4.8.3-2014q1/bin/../lib/gcc/arm-none-eabi/4.8.3/armv7-m/crti.o
 .ARM.attributes
                0x000000000000001d       0x2d /Users/cwai_13/Library/Arduino15/packages/arduino/tools/arm-none-eabi-gcc/4.8.3-2014q1/bin/../lib/gcc/arm-none-eabi/4.8.3/armv7-m/crtbegin.o
 .ARM.attributes
                0x000000000000004a       0x33 build-arduino_due_x/main.c.o
 .ARM.attributes
                0x000000000000007d       0x33 /Users/cwai_13/Library/Arduino15/packages/arduino/hardware/sam/1.6.12/variants/arduino_due_x/libsam_sam3x8e_gcc_rel.a(startup_sam3xa.o)
 .ARM.attributes
                0x00000000000000b0       0x33 /Users/cwai_13/Library/Arduino15/packages/arduino/hardware/sam/1.6.12/variants/arduino_due_x/libsam_sam3x8e_gcc_rel.a(uotghs.o)
 .ARM.attributes
                0x00000000000000e3       0x33 build-arduino_due_x/libcore.a(variant.cpp.o)
 .ARM.attributes
                0x0000000000000116       0x33 build-arduino_due_x/libcore.a(adc.c.o)
 .ARM.attributes
                0x0000000000000149       0x33 build-arduino_due_x/libcore.a(pio.c.o)
 .ARM.attributes
                0x000000000000017c       0x33 build-arduino_due_x/libcore.a(pmc.c.o)
 .ARM.attributes
                0x00000000000001af       0x33 build-arduino_due_x/libcore.a(system_sam3xa.c.o)
 .ARM.attributes
                0x00000000000001e2       0x33 build-arduino_due_x/libcore.a(WInterrupts.c.o)
 .ARM.attributes
                0x0000000000000215       0x33 build-arduino_due_x/libcore.a(cortex_handlers.c.o)
 .ARM.attributes
                0x0000000000000248       0x33 build-arduino_due_x/libcore.a(hooks.c.o)
 .ARM.attributes
                0x000000000000027b       0x33 build-arduino_due_x/libcore.a(syscalls_sam3.c.o)
 .ARM.attributes
                0x00000000000002ae       0x33 build-arduino_due_x/libcore.a(wiring_analog.c.o)
 .ARM.attributes
                0x00000000000002e1       0x33 build-arduino_due_x/libcore.a(wiring_digital.c.o)
 .ARM.attributes
                0x0000000000000314       0x33 build-arduino_due_x/libcore.a(Reset.cpp.o)
 .ARM.attributes
                0x0000000000000347       0x33 build-arduino_due_x/libcore.a(RingBuffer.cpp.o)
 .ARM.attributes
                0x000000000000037a       0x33 build-arduino_due_x/libcore.a(UARTClass.cpp.o)
 .ARM.attributes
                0x00000000000003ad       0x33 build-arduino_due_x/libcore.a(USARTClass.cpp.o)
 .ARM.attributes
                0x00000000000003e0       0x33 build-arduino_due_x/libcore.a(timetick.c.o)
 .ARM.attributes
                0x0000000000000413       0x33 build-arduino_due_x/libcore.a(Print.cpp.o)
 .ARM.attributes
                0x0000000000000446       0x2d /Users/cwai_13/Library/Arduino15/packages/arduino/tools/arm-none-eabi-gcc/4.8.3-2014q1/bin/../lib/gcc/arm-none-eabi/4.8.3/../../../../arm-none-eabi/lib/armv7-m/libc.a(lib_a-impure.o)
 .ARM.attributes
                0x0000000000000473       0x2d /Users/cwai_13/Library/Arduino15/packages/arduino/tools/arm-none-eabi-gcc/4.8.3-2014q1/bin/../lib/gcc/arm-none-eabi/4.8.3/../../../../arm-none-eabi/lib/armv7-m/libc.a(lib_a-init.o)
 .ARM.attributes
                0x00000000000004a0       0x2d /Users/cwai_13/Library/Arduino15/packages/arduino/tools/arm-none-eabi-gcc/4.8.3-2014q1/bin/../lib/gcc/arm-none-eabi/4.8.3/../../../../arm-none-eabi/lib/armv7-m/libc.a(lib_a-memset.o)
 .ARM.attributes
                0x00000000000004cd       0x2d /Users/cwai_13/Library/Arduino15/packages/arduino/tools/arm-none-eabi-gcc/4.8.3-2014q1/bin/../lib/gcc/arm-none-eabi/4.8.3/../../../../arm-none-eabi/lib/armv7-m/libc.a(lib_a-syskill.o)
 .ARM.attributes
                0x00000000000004fa       0x2d /Users/cwai_13/Library/Arduino15/packages/arduino/tools/arm-none-eabi-gcc/4.8.3-2014q1/bin/../lib/gcc/arm-none-eabi/4.8.3/../../../../arm-none-eabi/lib/armv7-m/libc.a(lib_a-__call_atexit.o)
 .ARM.attributes
                0x0000000000000527       0x2d /Users/cwai_13/Library/Arduino15/packages/arduino/tools/arm-none-eabi-gcc/4.8.3-2014q1/bin/../lib/gcc/arm-none-eabi/4.8.3/../../../../arm-none-eabi/lib/armv7-m/libc.a(lib_a-atexit.o)
 .ARM.attributes
                0x0000000000000554       0x2d /Users/cwai_13/Library/Arduino15/packages/arduino/tools/arm-none-eabi-gcc/4.8.3-2014q1/bin/../lib/gcc/arm-none-eabi/4.8.3/../../../../arm-none-eabi/lib/armv7-m/libc.a(lib_a-fini.o)
 .ARM.attributes
                0x0000000000000581       0x2d /Users/cwai_13/Library/Arduino15/packages/arduino/tools/arm-none-eabi-gcc/4.8.3-2014q1/bin/../lib/gcc/arm-none-eabi/4.8.3/../../../../arm-none-eabi/lib/armv7-m/libc.a(lib_a-signalr.o)
 .ARM.attributes
                0x00000000000005ae       0x2d /Users/cwai_13/Library/Arduino15/packages/arduino/tools/arm-none-eabi-gcc/4.8.3-2014q1/bin/../lib/gcc/arm-none-eabi/4.8.3/../../../../arm-none-eabi/lib/armv7-m/libc.a(lib_a-__atexit.o)
 .ARM.attributes
                0x00000000000005db       0x2d /Users/cwai_13/Library/Arduino15/packages/arduino/tools/arm-none-eabi-gcc/4.8.3-2014q1/bin/../lib/gcc/arm-none-eabi/4.8.3/../../../../arm-none-eabi/lib/armv7-m/libc.a(lib_a-reent.o)
 .ARM.attributes
                0x0000000000000608       0x1d /Users/cwai_13/Library/Arduino15/packages/arduino/tools/arm-none-eabi-gcc/4.8.3-2014q1/bin/../lib/gcc/arm-none-eabi/4.8.3/armv7-m/crtn.o

.comment        0x0000000000000000       0x70
 .comment       0x0000000000000000       0x70 build-arduino_due_x/main.c.o
                                         0x71 (size before relaxing)
 .comment       0x0000000000000000       0x71 /Users/cwai_13/Library/Arduino15/packages/arduino/hardware/sam/1.6.12/variants/arduino_due_x/libsam_sam3x8e_gcc_rel.a(startup_sam3xa.o)
 .comment       0x0000000000000000       0x71 /Users/cwai_13/Library/Arduino15/packages/arduino/hardware/sam/1.6.12/variants/arduino_due_x/libsam_sam3x8e_gcc_rel.a(uotghs.o)
 .comment       0x0000000000000000       0x71 build-arduino_due_x/libcore.a(variant.cpp.o)
 .comment       0x0000000000000000       0x71 build-arduino_due_x/libcore.a(adc.c.o)
 .comment       0x0000000000000000       0x71 build-arduino_due_x/libcore.a(pio.c.o)
 .comment       0x0000000000000000       0x71 build-arduino_due_x/libcore.a(pmc.c.o)
 .comment       0x0000000000000000       0x71 build-arduino_due_x/libcore.a(system_sam3xa.c.o)
 .comment       0x0000000000000000       0x71 build-arduino_due_x/libcore.a(WInterrupts.c.o)
 .comment       0x0000000000000000       0x71 build-arduino_due_x/libcore.a(cortex_handlers.c.o)
 .comment       0x0000000000000000       0x71 build-arduino_due_x/libcore.a(hooks.c.o)
 .comment       0x0000000000000000       0x71 build-arduino_due_x/libcore.a(syscalls_sam3.c.o)
 .comment       0x0000000000000000       0x71 build-arduino_due_x/libcore.a(wiring_analog.c.o)
 .comment       0x0000000000000000       0x71 build-arduino_due_x/libcore.a(wiring_digital.c.o)
 .comment       0x0000000000000000       0x71 build-arduino_due_x/libcore.a(Reset.cpp.o)
 .comment       0x0000000000000000       0x71 build-arduino_due_x/libcore.a(RingBuffer.cpp.o)
 .comment       0x0000000000000000       0x71 build-arduino_due_x/libcore.a(UARTClass.cpp.o)
 .comment       0x0000000000000000       0x71 build-arduino_due_x/libcore.a(USARTClass.cpp.o)
 .comment       0x0000000000000000       0x71 build-arduino_due_x/libcore.a(timetick.c.o)
 .comment       0x0000000000000000       0x71 build-arduino_due_x/libcore.a(Print.cpp.o)

.debug_frame    0x0000000000000000      0x1c0
 .debug_frame   0x0000000000000000       0x2c /Users/cwai_13/Library/Arduino15/packages/arduino/tools/arm-none-eabi-gcc/4.8.3-2014q1/bin/../lib/gcc/arm-none-eabi/4.8.3/../../../../arm-none-eabi/lib/armv7-m/libc.a(lib_a-init.o)
 .debug_frame   0x000000000000002c       0x2c /Users/cwai_13/Library/Arduino15/packages/arduino/tools/arm-none-eabi-gcc/4.8.3-2014q1/bin/../lib/gcc/arm-none-eabi/4.8.3/../../../../arm-none-eabi/lib/armv7-m/libc.a(lib_a-memset.o)
 .debug_frame   0x0000000000000058       0x20 /Users/cwai_13/Library/Arduino15/packages/arduino/tools/arm-none-eabi-gcc/4.8.3-2014q1/bin/../lib/gcc/arm-none-eabi/4.8.3/../../../../arm-none-eabi/lib/armv7-m/libc.a(lib_a-syskill.o)
 .debug_frame   0x0000000000000078       0x48 /Users/cwai_13/Library/Arduino15/packages/arduino/tools/arm-none-eabi-gcc/4.8.3-2014q1/bin/../lib/gcc/arm-none-eabi/4.8.3/../../../../arm-none-eabi/lib/armv7-m/libc.a(lib_a-__call_atexit.o)
 .debug_frame   0x00000000000000c0       0x20 /Users/cwai_13/Library/Arduino15/packages/arduino/tools/arm-none-eabi-gcc/4.8.3-2014q1/bin/../lib/gcc/arm-none-eabi/4.8.3/../../../../arm-none-eabi/lib/armv7-m/libc.a(lib_a-atexit.o)
 .debug_frame   0x00000000000000e0       0x2c /Users/cwai_13/Library/Arduino15/packages/arduino/tools/arm-none-eabi-gcc/4.8.3-2014q1/bin/../lib/gcc/arm-none-eabi/4.8.3/../../../../arm-none-eabi/lib/armv7-m/libc.a(lib_a-fini.o)
 .debug_frame   0x000000000000010c       0x3c /Users/cwai_13/Library/Arduino15/packages/arduino/tools/arm-none-eabi-gcc/4.8.3-2014q1/bin/../lib/gcc/arm-none-eabi/4.8.3/../../../../arm-none-eabi/lib/armv7-m/libc.a(lib_a-signalr.o)
 .debug_frame   0x0000000000000148       0x30 /Users/cwai_13/Library/Arduino15/packages/arduino/tools/arm-none-eabi-gcc/4.8.3-2014q1/bin/../lib/gcc/arm-none-eabi/4.8.3/../../../../arm-none-eabi/lib/armv7-m/libc.a(lib_a-__atexit.o)
 .debug_frame   0x0000000000000178       0x48 /Users/cwai_13/Library/Arduino15/packages/arduino/tools/arm-none-eabi-gcc/4.8.3-2014q1/bin/../lib/gcc/arm-none-eabi/4.8.3/../../../../arm-none-eabi/lib/armv7-m/libc.a(lib_a-reent.o)

Cross Reference Table

Symbol                                            File
ADC_Handler                                       build-arduino_due_x/libcore.a(cortex_handlers.c.o)
                                                  /Users/cwai_13/Library/Arduino15/packages/arduino/hardware/sam/1.6.12/variants/arduino_due_x/libsam_sam3x8e_gcc_rel.a(startup_sam3xa.o)
BusFault_Handler                                  build-arduino_due_x/libcore.a(cortex_handlers.c.o)
                                                  /Users/cwai_13/Library/Arduino15/packages/arduino/hardware/sam/1.6.12/variants/arduino_due_x/libsam_sam3x8e_gcc_rel.a(startup_sam3xa.o)
CAN0_Handler                                      build-arduino_due_x/libcore.a(cortex_handlers.c.o)
                                                  /Users/cwai_13/Library/Arduino15/packages/arduino/hardware/sam/1.6.12/variants/arduino_due_x/libsam_sam3x8e_gcc_rel.a(startup_sam3xa.o)
CAN1_Handler                                      build-arduino_due_x/libcore.a(cortex_handlers.c.o)
                                                  /Users/cwai_13/Library/Arduino15/packages/arduino/hardware/sam/1.6.12/variants/arduino_due_x/libsam_sam3x8e_gcc_rel.a(startup_sam3xa.o)
DACC_Handler                                      build-arduino_due_x/libcore.a(cortex_handlers.c.o)
                                                  /Users/cwai_13/Library/Arduino15/packages/arduino/hardware/sam/1.6.12/variants/arduino_due_x/libsam_sam3x8e_gcc_rel.a(startup_sam3xa.o)
DMAC_Handler                                      build-arduino_due_x/libcore.a(cortex_handlers.c.o)
                                                  /Users/cwai_13/Library/Arduino15/packages/arduino/hardware/sam/1.6.12/variants/arduino_due_x/libsam_sam3x8e_gcc_rel.a(startup_sam3xa.o)
DebugMon_Handler                                  build-arduino_due_x/libcore.a(cortex_handlers.c.o)
                                                  /Users/cwai_13/Library/Arduino15/packages/arduino/hardware/sam/1.6.12/variants/arduino_due_x/libsam_sam3x8e_gcc_rel.a(startup_sam3xa.o)
EFC0_Handler                                      build-arduino_due_x/libcore.a(cortex_handlers.c.o)
                                                  /Users/cwai_13/Library/Arduino15/packages/arduino/hardware/sam/1.6.12/variants/arduino_due_x/libsam_sam3x8e_gcc_rel.a(startup_sam3xa.o)
EFC1_Handler                                      build-arduino_due_x/libcore.a(cortex_handlers.c.o)
                                                  /Users/cwai_13/Library/Arduino15/packages/arduino/hardware/sam/1.6.12/variants/arduino_due_x/libsam_sam3x8e_gcc_rel.a(startup_sam3xa.o)
EMAC_Handler                                      build-arduino_due_x/libcore.a(cortex_handlers.c.o)
                                                  /Users/cwai_13/Library/Arduino15/packages/arduino/hardware/sam/1.6.12/variants/arduino_due_x/libsam_sam3x8e_gcc_rel.a(startup_sam3xa.o)
GetTickCount                                      build-arduino_due_x/libcore.a(timetick.c.o)
HSMCI_Handler                                     build-arduino_due_x/libcore.a(cortex_handlers.c.o)
                                                  /Users/cwai_13/Library/Arduino15/packages/arduino/hardware/sam/1.6.12/variants/arduino_due_x/libsam_sam3x8e_gcc_rel.a(startup_sam3xa.o)
HardFault_Handler                                 build-arduino_due_x/libcore.a(cortex_handlers.c.o)
                                                  /Users/cwai_13/Library/Arduino15/packages/arduino/hardware/sam/1.6.12/variants/arduino_due_x/libsam_sam3x8e_gcc_rel.a(startup_sam3xa.o)
MemManage_Handler                                 build-arduino_due_x/libcore.a(cortex_handlers.c.o)
                                                  /Users/cwai_13/Library/Arduino15/packages/arduino/hardware/sam/1.6.12/variants/arduino_due_x/libsam_sam3x8e_gcc_rel.a(startup_sam3xa.o)
NMI_Handler                                       build-arduino_due_x/libcore.a(cortex_handlers.c.o)
                                                  /Users/cwai_13/Library/Arduino15/packages/arduino/hardware/sam/1.6.12/variants/arduino_due_x/libsam_sam3x8e_gcc_rel.a(startup_sam3xa.o)
PIOA_Handler                                      build-arduino_due_x/libcore.a(WInterrupts.c.o)
                                                  /Users/cwai_13/Library/Arduino15/packages/arduino/hardware/sam/1.6.12/variants/arduino_due_x/libsam_sam3x8e_gcc_rel.a(startup_sam3xa.o)
PIOB_Handler                                      build-arduino_due_x/libcore.a(WInterrupts.c.o)
                                                  /Users/cwai_13/Library/Arduino15/packages/arduino/hardware/sam/1.6.12/variants/arduino_due_x/libsam_sam3x8e_gcc_rel.a(startup_sam3xa.o)
PIOC_Handler                                      build-arduino_due_x/libcore.a(WInterrupts.c.o)
                                                  /Users/cwai_13/Library/Arduino15/packages/arduino/hardware/sam/1.6.12/variants/arduino_due_x/libsam_sam3x8e_gcc_rel.a(startup_sam3xa.o)
PIOD_Handler                                      build-arduino_due_x/libcore.a(WInterrupts.c.o)
                                                  /Users/cwai_13/Library/Arduino15/packages/arduino/hardware/sam/1.6.12/variants/arduino_due_x/libsam_sam3x8e_gcc_rel.a(startup_sam3xa.o)
PIO_Clear                                         build-arduino_due_x/libcore.a(pio.c.o)
PIO_Configure                                     build-arduino_due_x/libcore.a(pio.c.o)
                                                  build-arduino_due_x/libcore.a(wiring_digital.c.o)
                                                  build-arduino_due_x/libcore.a(wiring_analog.c.o)
                                                  build-arduino_due_x/libcore.a(variant.cpp.o)
PIO_DisableInterrupt                              build-arduino_due_x/libcore.a(pio.c.o)
PIO_Get                                           build-arduino_due_x/libcore.a(pio.c.o)
                                                  build-arduino_due_x/libcore.a(wiring_digital.c.o)
PIO_GetOutputDataStatus                           build-arduino_due_x/libcore.a(pio.c.o)
                                                  build-arduino_due_x/libcore.a(wiring_digital.c.o)
PIO_PullUp                                        build-arduino_due_x/libcore.a(pio.c.o)
                                                  build-arduino_due_x/libcore.a(wiring_digital.c.o)
PIO_Set                                           build-arduino_due_x/libcore.a(pio.c.o)
PIO_SetDebounceFilter                             build-arduino_due_x/libcore.a(pio.c.o)
PIO_SetInput                                      build-arduino_due_x/libcore.a(pio.c.o)
PIO_SetOutput                                     build-arduino_due_x/libcore.a(pio.c.o)
                                                  build-arduino_due_x/libcore.a(wiring_digital.c.o)
PIO_SetPeripheral                                 build-arduino_due_x/libcore.a(pio.c.o)
PMC_Handler                                       build-arduino_due_x/libcore.a(cortex_handlers.c.o)
                                                  /Users/cwai_13/Library/Arduino15/packages/arduino/hardware/sam/1.6.12/variants/arduino_due_x/libsam_sam3x8e_gcc_rel.a(startup_sam3xa.o)
PWMC_ConfigureChannel                             build-arduino_due_x/libcore.a(pwmc.c.o)
                                                  build-arduino_due_x/libcore.a(wiring_analog.c.o)
PWMC_ConfigureChannelExt                          build-arduino_due_x/libcore.a(pwmc.c.o)
PWMC_ConfigureClocks                              build-arduino_due_x/libcore.a(pwmc.c.o)
                                                  build-arduino_due_x/libcore.a(wiring_analog.c.o)
PWMC_ConfigureComparisonUnit                      build-arduino_due_x/libcore.a(pwmc.c.o)
PWMC_ConfigureEventLineMode                       build-arduino_due_x/libcore.a(pwmc.c.o)
PWMC_ConfigureSyncChannel                         build-arduino_due_x/libcore.a(pwmc.c.o)
PWMC_DisableChannel                               build-arduino_due_x/libcore.a(pwmc.c.o)
PWMC_DisableChannelIt                             build-arduino_due_x/libcore.a(pwmc.c.o)
PWMC_DisableIt                                    build-arduino_due_x/libcore.a(pwmc.c.o)
PWMC_DisableOverrideOutput                        build-arduino_due_x/libcore.a(pwmc.c.o)
PWMC_EnableChannel                                build-arduino_due_x/libcore.a(pwmc.c.o)
                                                  build-arduino_due_x/libcore.a(wiring_analog.c.o)
PWMC_EnableChannelIt                              build-arduino_due_x/libcore.a(pwmc.c.o)
PWMC_EnableFaultProtection                        build-arduino_due_x/libcore.a(pwmc.c.o)
PWMC_EnableIt                                     build-arduino_due_x/libcore.a(pwmc.c.o)
PWMC_EnableOverrideOutput                         build-arduino_due_x/libcore.a(pwmc.c.o)
PWMC_FaultClear                                   build-arduino_due_x/libcore.a(pwmc.c.o)
PWMC_SetDeadTime                                  build-arduino_due_x/libcore.a(pwmc.c.o)
PWMC_SetDutyCycle                                 build-arduino_due_x/libcore.a(pwmc.c.o)
                                                  build-arduino_due_x/libcore.a(wiring_analog.c.o)
PWMC_SetFaultMode                                 build-arduino_due_x/libcore.a(pwmc.c.o)
PWMC_SetFaultProtectionValue                      build-arduino_due_x/libcore.a(pwmc.c.o)
PWMC_SetOverrideValue                             build-arduino_due_x/libcore.a(pwmc.c.o)
PWMC_SetPeriod                                    build-arduino_due_x/libcore.a(pwmc.c.o)
                                                  build-arduino_due_x/libcore.a(wiring_analog.c.o)
PWMC_SetSyncChannelUpdatePeriod                   build-arduino_due_x/libcore.a(pwmc.c.o)
PWMC_SetSyncChannelUpdateUnlock                   build-arduino_due_x/libcore.a(pwmc.c.o)
PWMC_WriteBuffer                                  build-arduino_due_x/libcore.a(pwmc.c.o)
PWM_Handler                                       build-arduino_due_x/libcore.a(cortex_handlers.c.o)
                                                  /Users/cwai_13/Library/Arduino15/packages/arduino/hardware/sam/1.6.12/variants/arduino_due_x/libsam_sam3x8e_gcc_rel.a(startup_sam3xa.o)
PendSV_Handler                                    build-arduino_due_x/libcore.a(cortex_handlers.c.o)
                                                  /Users/cwai_13/Library/Arduino15/packages/arduino/hardware/sam/1.6.12/variants/arduino_due_x/libsam_sam3x8e_gcc_rel.a(startup_sam3xa.o)
Print::print(Printable const&)                    build-arduino_due_x/libcore.a(Print.cpp.o)
Print::print(String const&)                       build-arduino_due_x/libcore.a(Print.cpp.o)
Print::print(__FlashStringHelper const*)          build-arduino_due_x/libcore.a(Print.cpp.o)
Print::print(char const*)                         build-arduino_due_x/libcore.a(Print.cpp.o)
Print::print(char)                                build-arduino_due_x/libcore.a(Print.cpp.o)
Print::print(double, int)                         build-arduino_due_x/libcore.a(Print.cpp.o)
Print::print(int, int)                            build-arduino_due_x/libcore.a(Print.cpp.o)
Print::print(long, int)                           build-arduino_due_x/libcore.a(Print.cpp.o)
Print::print(unsigned char, int)                  build-arduino_due_x/libcore.a(Print.cpp.o)
Print::print(unsigned int, int)                   build-arduino_due_x/libcore.a(Print.cpp.o)
Print::print(unsigned long, int)                  build-arduino_due_x/libcore.a(Print.cpp.o)
Print::printFloat(double, unsigned char)          build-arduino_due_x/libcore.a(Print.cpp.o)
Print::printNumber(unsigned long, unsigned char)  build-arduino_due_x/libcore.a(Print.cpp.o)
Print::println()                                  build-arduino_due_x/libcore.a(Print.cpp.o)
Print::println(Printable const&)                  build-arduino_due_x/libcore.a(Print.cpp.o)
Print::println(String const&)                     build-arduino_due_x/libcore.a(Print.cpp.o)
Print::println(__FlashStringHelper const*)        build-arduino_due_x/libcore.a(Print.cpp.o)
Print::println(char const*)                       build-arduino_due_x/libcore.a(Print.cpp.o)
Print::println(char)                              build-arduino_due_x/libcore.a(Print.cpp.o)
Print::println(double, int)                       build-arduino_due_x/libcore.a(Print.cpp.o)
Print::println(int, int)                          build-arduino_due_x/libcore.a(Print.cpp.o)
Print::println(long, int)                         build-arduino_due_x/libcore.a(Print.cpp.o)
Print::println(unsigned char, int)                build-arduino_due_x/libcore.a(Print.cpp.o)
Print::println(unsigned int, int)                 build-arduino_due_x/libcore.a(Print.cpp.o)
Print::println(unsigned long, int)                build-arduino_due_x/libcore.a(Print.cpp.o)
Print::write(char const*)                         build-arduino_due_x/libcore.a(Print.cpp.o)
Print::write(unsigned char const*, unsigned int)  build-arduino_due_x/libcore.a(Print.cpp.o)
                                                  build-arduino_due_x/libcore.a(USARTClass.cpp.o)
                                                  build-arduino_due_x/libcore.a(UARTClass.cpp.o)
RSTC_Handler                                      build-arduino_due_x/libcore.a(cortex_handlers.c.o)
                                                  /Users/cwai_13/Library/Arduino15/packages/arduino/hardware/sam/1.6.12/variants/arduino_due_x/libsam_sam3x8e_gcc_rel.a(startup_sam3xa.o)
RTC_Handler                                       build-arduino_due_x/libcore.a(cortex_handlers.c.o)
                                                  /Users/cwai_13/Library/Arduino15/packages/arduino/hardware/sam/1.6.12/variants/arduino_due_x/libsam_sam3x8e_gcc_rel.a(startup_sam3xa.o)
RTT_Handler                                       build-arduino_due_x/libcore.a(cortex_handlers.c.o)
                                                  /Users/cwai_13/Library/Arduino15/packages/arduino/hardware/sam/1.6.12/variants/arduino_due_x/libsam_sam3x8e_gcc_rel.a(startup_sam3xa.o)
Reset_Handler                                     /Users/cwai_13/Library/Arduino15/packages/arduino/hardware/sam/1.6.12/variants/arduino_due_x/libsam_sam3x8e_gcc_rel.a(startup_sam3xa.o)
RingBuffer::RingBuffer()                          build-arduino_due_x/libcore.a(RingBuffer.cpp.o)
                                                  build-arduino_due_x/libcore.a(variant.cpp.o)
RingBuffer::RingBuffer()                          build-arduino_due_x/libcore.a(RingBuffer.cpp.o)
RingBuffer::store_char(unsigned char)             build-arduino_due_x/libcore.a(RingBuffer.cpp.o)
                                                  build-arduino_due_x/libcore.a(UARTClass.cpp.o)
SMC_Handler                                       build-arduino_due_x/libcore.a(cortex_handlers.c.o)
                                                  /Users/cwai_13/Library/Arduino15/packages/arduino/hardware/sam/1.6.12/variants/arduino_due_x/libsam_sam3x8e_gcc_rel.a(startup_sam3xa.o)
SPI0_Handler                                      build-arduino_due_x/libcore.a(cortex_handlers.c.o)
                                                  /Users/cwai_13/Library/Arduino15/packages/arduino/hardware/sam/1.6.12/variants/arduino_due_x/libsam_sam3x8e_gcc_rel.a(startup_sam3xa.o)
SSC_Handler                                       build-arduino_due_x/libcore.a(cortex_handlers.c.o)
                                                  /Users/cwai_13/Library/Arduino15/packages/arduino/hardware/sam/1.6.12/variants/arduino_due_x/libsam_sam3x8e_gcc_rel.a(startup_sam3xa.o)
SUPC_Handler                                      build-arduino_due_x/libcore.a(cortex_handlers.c.o)
                                                  /Users/cwai_13/Library/Arduino15/packages/arduino/hardware/sam/1.6.12/variants/arduino_due_x/libsam_sam3x8e_gcc_rel.a(startup_sam3xa.o)
SVC_Handler                                       build-arduino_due_x/libcore.a(cortex_handlers.c.o)
                                                  /Users/cwai_13/Library/Arduino15/packages/arduino/hardware/sam/1.6.12/variants/arduino_due_x/libsam_sam3x8e_gcc_rel.a(startup_sam3xa.o)
Serial                                            build-arduino_due_x/libcore.a(variant.cpp.o)
Serial1                                           build-arduino_due_x/libcore.a(variant.cpp.o)
Serial2                                           build-arduino_due_x/libcore.a(variant.cpp.o)
Serial3                                           build-arduino_due_x/libcore.a(variant.cpp.o)
Sleep                                             build-arduino_due_x/libcore.a(timetick.c.o)
SysTick_Handler                                   build-arduino_due_x/libcore.a(cortex_handlers.c.o)
                                                  /Users/cwai_13/Library/Arduino15/packages/arduino/hardware/sam/1.6.12/variants/arduino_due_x/libsam_sam3x8e_gcc_rel.a(startup_sam3xa.o)
SystemCoreClock                                   build-arduino_due_x/libcore.a(system_sam3xa.c.o)
                                                  build-arduino_due_x/libcore.a(UARTClass.cpp.o)
                                                  build-arduino_due_x/libcore.a(variant.cpp.o)
SystemCoreClockUpdate                             build-arduino_due_x/libcore.a(system_sam3xa.c.o)
SystemInit                                        build-arduino_due_x/libcore.a(system_sam3xa.c.o)
                                                  build-arduino_due_x/libcore.a(variant.cpp.o)
TC0_Handler                                       build-arduino_due_x/libcore.a(cortex_handlers.c.o)
                                                  /Users/cwai_13/Library/Arduino15/packages/arduino/hardware/sam/1.6.12/variants/arduino_due_x/libsam_sam3x8e_gcc_rel.a(startup_sam3xa.o)
TC1_Handler                                       build-arduino_due_x/libcore.a(cortex_handlers.c.o)
                                                  /Users/cwai_13/Library/Arduino15/packages/arduino/hardware/sam/1.6.12/variants/arduino_due_x/libsam_sam3x8e_gcc_rel.a(startup_sam3xa.o)
TC2_Handler                                       build-arduino_due_x/libcore.a(cortex_handlers.c.o)
                                                  /Users/cwai_13/Library/Arduino15/packages/arduino/hardware/sam/1.6.12/variants/arduino_due_x/libsam_sam3x8e_gcc_rel.a(startup_sam3xa.o)
TC3_Handler                                       build-arduino_due_x/libcore.a(cortex_handlers.c.o)
                                                  /Users/cwai_13/Library/Arduino15/packages/arduino/hardware/sam/1.6.12/variants/arduino_due_x/libsam_sam3x8e_gcc_rel.a(startup_sam3xa.o)
TC4_Handler                                       build-arduino_due_x/libcore.a(cortex_handlers.c.o)
                                                  /Users/cwai_13/Library/Arduino15/packages/arduino/hardware/sam/1.6.12/variants/arduino_due_x/libsam_sam3x8e_gcc_rel.a(startup_sam3xa.o)
TC5_Handler                                       build-arduino_due_x/libcore.a(cortex_handlers.c.o)
                                                  /Users/cwai_13/Library/Arduino15/packages/arduino/hardware/sam/1.6.12/variants/arduino_due_x/libsam_sam3x8e_gcc_rel.a(startup_sam3xa.o)
TC6_Handler                                       build-arduino_due_x/libcore.a(cortex_handlers.c.o)
                                                  /Users/cwai_13/Library/Arduino15/packages/arduino/hardware/sam/1.6.12/variants/arduino_due_x/libsam_sam3x8e_gcc_rel.a(startup_sam3xa.o)
TC7_Handler                                       build-arduino_due_x/libcore.a(cortex_handlers.c.o)
                                                  /Users/cwai_13/Library/Arduino15/packages/arduino/hardware/sam/1.6.12/variants/arduino_due_x/libsam_sam3x8e_gcc_rel.a(startup_sam3xa.o)
TC8_Handler                                       build-arduino_due_x/libcore.a(cortex_handlers.c.o)
                                                  /Users/cwai_13/Library/Arduino15/packages/arduino/hardware/sam/1.6.12/variants/arduino_due_x/libsam_sam3x8e_gcc_rel.a(startup_sam3xa.o)
TC_Configure                                      build-arduino_due_x/libcore.a(tc.c.o)
                                                  build-arduino_due_x/libcore.a(wiring_analog.c.o)
TC_FindMckDivisor                                 build-arduino_due_x/libcore.a(tc.c.o)
TC_GetStatus                                      build-arduino_due_x/libcore.a(tc.c.o)
TC_ReadCV                                         build-arduino_due_x/libcore.a(tc.c.o)
TC_SetRA                                          build-arduino_due_x/libcore.a(tc.c.o)
                                                  build-arduino_due_x/libcore.a(wiring_analog.c.o)
TC_SetRB                                          build-arduino_due_x/libcore.a(tc.c.o)
                                                  build-arduino_due_x/libcore.a(wiring_analog.c.o)
TC_SetRC                                          build-arduino_due_x/libcore.a(tc.c.o)
                                                  build-arduino_due_x/libcore.a(wiring_analog.c.o)
TC_Start                                          build-arduino_due_x/libcore.a(tc.c.o)
                                                  build-arduino_due_x/libcore.a(wiring_analog.c.o)
TC_Stop                                           build-arduino_due_x/libcore.a(tc.c.o)
TRNG_Handler                                      build-arduino_due_x/libcore.a(cortex_handlers.c.o)
                                                  /Users/cwai_13/Library/Arduino15/packages/arduino/hardware/sam/1.6.12/variants/arduino_due_x/libsam_sam3x8e_gcc_rel.a(startup_sam3xa.o)
TWI0_Handler                                      build-arduino_due_x/libcore.a(cortex_handlers.c.o)
                                                  /Users/cwai_13/Library/Arduino15/packages/arduino/hardware/sam/1.6.12/variants/arduino_due_x/libsam_sam3x8e_gcc_rel.a(startup_sam3xa.o)
TWI1_Handler                                      build-arduino_due_x/libcore.a(cortex_handlers.c.o)
                                                  /Users/cwai_13/Library/Arduino15/packages/arduino/hardware/sam/1.6.12/variants/arduino_due_x/libsam_sam3x8e_gcc_rel.a(startup_sam3xa.o)
TimeTick_Configure                                build-arduino_due_x/libcore.a(timetick.c.o)
TimeTick_Increment                                build-arduino_due_x/libcore.a(timetick.c.o)
                                                  build-arduino_due_x/libcore.a(cortex_handlers.c.o)
UARTClass::IrqHandler()                           build-arduino_due_x/libcore.a(UARTClass.cpp.o)
                                                  build-arduino_due_x/libcore.a(variant.cpp.o)
UARTClass::UARTClass(Uart*, IRQn, unsigned long, RingBuffer*, RingBuffer*) build-arduino_due_x/libcore.a(UARTClass.cpp.o)
                                                  build-arduino_due_x/libcore.a(variant.cpp.o)
UARTClass::UARTClass(Uart*, IRQn, unsigned long, RingBuffer*, RingBuffer*) build-arduino_due_x/libcore.a(UARTClass.cpp.o)
                                                  build-arduino_due_x/libcore.a(USARTClass.cpp.o)
UARTClass::available()                            build-arduino_due_x/libcore.a(UARTClass.cpp.o)
                                                  build-arduino_due_x/libcore.a(USARTClass.cpp.o)
                                                  build-arduino_due_x/libcore.a(variant.cpp.o)
UARTClass::availableForWrite()                    build-arduino_due_x/libcore.a(UARTClass.cpp.o)
UARTClass::begin(unsigned long)                   build-arduino_due_x/libcore.a(UARTClass.cpp.o)
UARTClass::begin(unsigned long, UARTClass::UARTModes) build-arduino_due_x/libcore.a(UARTClass.cpp.o)
UARTClass::end()                                  build-arduino_due_x/libcore.a(UARTClass.cpp.o)
                                                  build-arduino_due_x/libcore.a(USARTClass.cpp.o)
UARTClass::flush()                                build-arduino_due_x/libcore.a(UARTClass.cpp.o)
                                                  build-arduino_due_x/libcore.a(USARTClass.cpp.o)
UARTClass::getInterruptPriority()                 build-arduino_due_x/libcore.a(UARTClass.cpp.o)
UARTClass::init(unsigned long, unsigned long)     build-arduino_due_x/libcore.a(UARTClass.cpp.o)
                                                  build-arduino_due_x/libcore.a(USARTClass.cpp.o)
UARTClass::operator bool()                        build-arduino_due_x/libcore.a(UARTClass.cpp.o)
                                                  build-arduino_due_x/libcore.a(USARTClass.cpp.o)
UARTClass::peek()                                 build-arduino_due_x/libcore.a(UARTClass.cpp.o)
                                                  build-arduino_due_x/libcore.a(USARTClass.cpp.o)
UARTClass::read()                                 build-arduino_due_x/libcore.a(UARTClass.cpp.o)
                                                  build-arduino_due_x/libcore.a(USARTClass.cpp.o)
UARTClass::setInterruptPriority(unsigned long)    build-arduino_due_x/libcore.a(UARTClass.cpp.o)
UARTClass::write(unsigned char)                   build-arduino_due_x/libcore.a(UARTClass.cpp.o)
                                                  build-arduino_due_x/libcore.a(USARTClass.cpp.o)
UART_Handler                                      build-arduino_due_x/libcore.a(variant.cpp.o)
                                                  /Users/cwai_13/Library/Arduino15/packages/arduino/hardware/sam/1.6.12/variants/arduino_due_x/libsam_sam3x8e_gcc_rel.a(startup_sam3xa.o)
UOTGHS_Handler                                    /Users/cwai_13/Library/Arduino15/packages/arduino/hardware/sam/1.6.12/variants/arduino_due_x/libsam_sam3x8e_gcc_rel.a(uotghs.o)
                                                  /Users/cwai_13/Library/Arduino15/packages/arduino/hardware/sam/1.6.12/variants/arduino_due_x/libsam_sam3x8e_gcc_rel.a(startup_sam3xa.o)
USART0_Handler                                    build-arduino_due_x/libcore.a(variant.cpp.o)
                                                  /Users/cwai_13/Library/Arduino15/packages/arduino/hardware/sam/1.6.12/variants/arduino_due_x/libsam_sam3x8e_gcc_rel.a(startup_sam3xa.o)
USART1_Handler                                    build-arduino_due_x/libcore.a(variant.cpp.o)
                                                  /Users/cwai_13/Library/Arduino15/packages/arduino/hardware/sam/1.6.12/variants/arduino_due_x/libsam_sam3x8e_gcc_rel.a(startup_sam3xa.o)
USART2_Handler                                    build-arduino_due_x/libcore.a(cortex_handlers.c.o)
                                                  /Users/cwai_13/Library/Arduino15/packages/arduino/hardware/sam/1.6.12/variants/arduino_due_x/libsam_sam3x8e_gcc_rel.a(startup_sam3xa.o)
USART3_Handler                                    build-arduino_due_x/libcore.a(variant.cpp.o)
                                                  /Users/cwai_13/Library/Arduino15/packages/arduino/hardware/sam/1.6.12/variants/arduino_due_x/libsam_sam3x8e_gcc_rel.a(startup_sam3xa.o)
USARTClass::USARTClass(Usart*, IRQn, unsigned long, RingBuffer*, RingBuffer*) build-arduino_due_x/libcore.a(USARTClass.cpp.o)
                                                  build-arduino_due_x/libcore.a(variant.cpp.o)
USARTClass::USARTClass(Usart*, IRQn, unsigned long, RingBuffer*, RingBuffer*) build-arduino_due_x/libcore.a(USARTClass.cpp.o)
USARTClass::begin(unsigned long)                  build-arduino_due_x/libcore.a(USARTClass.cpp.o)
USARTClass::begin(unsigned long, UARTClass::UARTModes) build-arduino_due_x/libcore.a(USARTClass.cpp.o)
USARTClass::begin(unsigned long, USARTClass::USARTModes) build-arduino_due_x/libcore.a(USARTClass.cpp.o)
UsageFault_Handler                                build-arduino_due_x/libcore.a(cortex_handlers.c.o)
                                                  /Users/cwai_13/Library/Arduino15/packages/arduino/hardware/sam/1.6.12/variants/arduino_due_x/libsam_sam3x8e_gcc_rel.a(startup_sam3xa.o)
WDT_Handler                                       build-arduino_due_x/libcore.a(cortex_handlers.c.o)
                                                  /Users/cwai_13/Library/Arduino15/packages/arduino/hardware/sam/1.6.12/variants/arduino_due_x/libsam_sam3x8e_gcc_rel.a(startup_sam3xa.o)
Wait                                              build-arduino_due_x/libcore.a(timetick.c.o)
_Jv_RegisterClasses                               /Users/cwai_13/Library/Arduino15/packages/arduino/tools/arm-none-eabi-gcc/4.8.3-2014q1/bin/../lib/gcc/arm-none-eabi/4.8.3/armv7-m/crtbegin.o
_PathLocale                                       /Users/cwai_13/Library/Arduino15/packages/arduino/tools/arm-none-eabi-gcc/4.8.3-2014q1/bin/../lib/gcc/arm-none-eabi/4.8.3/../../../../arm-none-eabi/lib/armv7-m/libc.a(lib_a-locale.o)
__adddf3                                          /Users/cwai_13/Library/Arduino15/packages/arduino/tools/arm-none-eabi-gcc/4.8.3-2014q1/bin/../lib/gcc/arm-none-eabi/4.8.3/armv7-m/libgcc.a(_arm_addsubdf3.o)
__aeabi_cdcmpeq                                   /Users/cwai_13/Library/Arduino15/packages/arduino/tools/arm-none-eabi-gcc/4.8.3-2014q1/bin/../lib/gcc/arm-none-eabi/4.8.3/armv7-m/libgcc.a(_arm_cmpdf2.o)
__aeabi_cdcmple                                   /Users/cwai_13/Library/Arduino15/packages/arduino/tools/arm-none-eabi-gcc/4.8.3-2014q1/bin/../lib/gcc/arm-none-eabi/4.8.3/armv7-m/libgcc.a(_arm_cmpdf2.o)
__aeabi_cdrcmple                                  /Users/cwai_13/Library/Arduino15/packages/arduino/tools/arm-none-eabi-gcc/4.8.3-2014q1/bin/../lib/gcc/arm-none-eabi/4.8.3/armv7-m/libgcc.a(_arm_cmpdf2.o)
__aeabi_d2uiz                                     /Users/cwai_13/Library/Arduino15/packages/arduino/tools/arm-none-eabi-gcc/4.8.3-2014q1/bin/../lib/gcc/arm-none-eabi/4.8.3/armv7-m/libgcc.a(_arm_fixunsdfsi.o)
                                                  build-arduino_due_x/libcore.a(Print.cpp.o)
__aeabi_dadd                                      /Users/cwai_13/Library/Arduino15/packages/arduino/tools/arm-none-eabi-gcc/4.8.3-2014q1/bin/../lib/gcc/arm-none-eabi/4.8.3/armv7-m/libgcc.a(_arm_addsubdf3.o)
                                                  build-arduino_due_x/libcore.a(Print.cpp.o)
__aeabi_dcmpeq                                    /Users/cwai_13/Library/Arduino15/packages/arduino/tools/arm-none-eabi-gcc/4.8.3-2014q1/bin/../lib/gcc/arm-none-eabi/4.8.3/armv7-m/libgcc.a(_arm_cmpdf2.o)
__aeabi_dcmpge                                    /Users/cwai_13/Library/Arduino15/packages/arduino/tools/arm-none-eabi-gcc/4.8.3-2014q1/bin/../lib/gcc/arm-none-eabi/4.8.3/armv7-m/libgcc.a(_arm_cmpdf2.o)
__aeabi_dcmpgt                                    /Users/cwai_13/Library/Arduino15/packages/arduino/tools/arm-none-eabi-gcc/4.8.3-2014q1/bin/../lib/gcc/arm-none-eabi/4.8.3/armv7-m/libgcc.a(_arm_cmpdf2.o)
                                                  build-arduino_due_x/libcore.a(Print.cpp.o)
__aeabi_dcmple                                    /Users/cwai_13/Library/Arduino15/packages/arduino/tools/arm-none-eabi-gcc/4.8.3-2014q1/bin/../lib/gcc/arm-none-eabi/4.8.3/armv7-m/libgcc.a(_arm_cmpdf2.o)
__aeabi_dcmplt                                    /Users/cwai_13/Library/Arduino15/packages/arduino/tools/arm-none-eabi-gcc/4.8.3-2014q1/bin/../lib/gcc/arm-none-eabi/4.8.3/armv7-m/libgcc.a(_arm_cmpdf2.o)
                                                  build-arduino_due_x/libcore.a(Print.cpp.o)
__aeabi_ddiv                                      /Users/cwai_13/Library/Arduino15/packages/arduino/tools/arm-none-eabi-gcc/4.8.3-2014q1/bin/../lib/gcc/arm-none-eabi/4.8.3/armv7-m/libgcc.a(_arm_muldivdf3.o)
                                                  build-arduino_due_x/libcore.a(Print.cpp.o)
__aeabi_dmul                                      /Users/cwai_13/Library/Arduino15/packages/arduino/tools/arm-none-eabi-gcc/4.8.3-2014q1/bin/../lib/gcc/arm-none-eabi/4.8.3/armv7-m/libgcc.a(_arm_muldivdf3.o)
                                                  build-arduino_due_x/libcore.a(Print.cpp.o)
__aeabi_drsub                                     /Users/cwai_13/Library/Arduino15/packages/arduino/tools/arm-none-eabi-gcc/4.8.3-2014q1/bin/../lib/gcc/arm-none-eabi/4.8.3/armv7-m/libgcc.a(_arm_addsubdf3.o)
__aeabi_dsub                                      /Users/cwai_13/Library/Arduino15/packages/arduino/tools/arm-none-eabi-gcc/4.8.3-2014q1/bin/../lib/gcc/arm-none-eabi/4.8.3/armv7-m/libgcc.a(_arm_addsubdf3.o)
                                                  build-arduino_due_x/libcore.a(Print.cpp.o)
__aeabi_f2d                                       /Users/cwai_13/Library/Arduino15/packages/arduino/tools/arm-none-eabi-gcc/4.8.3-2014q1/bin/../lib/gcc/arm-none-eabi/4.8.3/armv7-m/libgcc.a(_arm_addsubdf3.o)
__aeabi_i2d                                       /Users/cwai_13/Library/Arduino15/packages/arduino/tools/arm-none-eabi-gcc/4.8.3-2014q1/bin/../lib/gcc/arm-none-eabi/4.8.3/armv7-m/libgcc.a(_arm_addsubdf3.o)
__aeabi_idiv0                                     /Users/cwai_13/Library/Arduino15/packages/arduino/tools/arm-none-eabi-gcc/4.8.3-2014q1/bin/../lib/gcc/arm-none-eabi/4.8.3/armv7-m/libgcc.a(_dvmd_tls.o)
__aeabi_l2d                                       /Users/cwai_13/Library/Arduino15/packages/arduino/tools/arm-none-eabi-gcc/4.8.3-2014q1/bin/../lib/gcc/arm-none-eabi/4.8.3/armv7-m/libgcc.a(_arm_addsubdf3.o)
__aeabi_ldiv0                                     /Users/cwai_13/Library/Arduino15/packages/arduino/tools/arm-none-eabi-gcc/4.8.3-2014q1/bin/../lib/gcc/arm-none-eabi/4.8.3/armv7-m/libgcc.a(_dvmd_tls.o)
                                                  /Users/cwai_13/Library/Arduino15/packages/arduino/tools/arm-none-eabi-gcc/4.8.3-2014q1/bin/../lib/gcc/arm-none-eabi/4.8.3/armv7-m/libgcc.a(_aeabi_uldivmod.o)
__aeabi_ui2d                                      /Users/cwai_13/Library/Arduino15/packages/arduino/tools/arm-none-eabi-gcc/4.8.3-2014q1/bin/../lib/gcc/arm-none-eabi/4.8.3/armv7-m/libgcc.a(_arm_addsubdf3.o)
                                                  build-arduino_due_x/libcore.a(Print.cpp.o)
__aeabi_ul2d                                      /Users/cwai_13/Library/Arduino15/packages/arduino/tools/arm-none-eabi-gcc/4.8.3-2014q1/bin/../lib/gcc/arm-none-eabi/4.8.3/armv7-m/libgcc.a(_arm_addsubdf3.o)
__aeabi_uldivmod                                  /Users/cwai_13/Library/Arduino15/packages/arduino/tools/arm-none-eabi-gcc/4.8.3-2014q1/bin/../lib/gcc/arm-none-eabi/4.8.3/armv7-m/libgcc.a(_aeabi_uldivmod.o)
                                                  /Users/cwai_13/Library/Arduino15/packages/arduino/tools/arm-none-eabi-gcc/4.8.3-2014q1/bin/../lib/gcc/arm-none-eabi/4.8.3/../../../../arm-none-eabi/lib/armv7-m/libc.a(lib_a-vfiprintf.o)
__ascii_wctomb                                    /Users/cwai_13/Library/Arduino15/packages/arduino/tools/arm-none-eabi-gcc/4.8.3-2014q1/bin/../lib/gcc/arm-none-eabi/4.8.3/../../../../arm-none-eabi/lib/armv7-m/libc.a(lib_a-wctomb_r.o)
__assert                                          /Users/cwai_13/Library/Arduino15/packages/arduino/tools/arm-none-eabi-gcc/4.8.3-2014q1/bin/../lib/gcc/arm-none-eabi/4.8.3/../../../../arm-none-eabi/lib/armv7-m/libc.a(lib_a-assert.o)
__assert_func                                     /Users/cwai_13/Library/Arduino15/packages/arduino/tools/arm-none-eabi-gcc/4.8.3-2014q1/bin/../lib/gcc/arm-none-eabi/4.8.3/../../../../arm-none-eabi/lib/armv7-m/libc.a(lib_a-assert.o)
                                                  build-arduino_due_x/libcore.a(tc.c.o)
                                                  build-arduino_due_x/libcore.a(pwmc.c.o)
__bss_end__                                       /Users/cwai_13/Library/Arduino15/packages/arduino/tools/arm-none-eabi-gcc/4.8.3-2014q1/bin/../lib/gcc/arm-none-eabi/4.8.3/../../../../arm-none-eabi/lib/armv7-m/crt0.o
__bss_start__                                     /Users/cwai_13/Library/Arduino15/packages/arduino/tools/arm-none-eabi-gcc/4.8.3-2014q1/bin/../lib/gcc/arm-none-eabi/4.8.3/../../../../arm-none-eabi/lib/armv7-m/crt0.o
__call_exitprocs                                  /Users/cwai_13/Library/Arduino15/packages/arduino/tools/arm-none-eabi-gcc/4.8.3-2014q1/bin/../lib/gcc/arm-none-eabi/4.8.3/../../../../arm-none-eabi/lib/armv7-m/libc.a(lib_a-__call_atexit.o)
                                                  /Users/cwai_13/Library/Arduino15/packages/arduino/tools/arm-none-eabi-gcc/4.8.3-2014q1/bin/../lib/gcc/arm-none-eabi/4.8.3/../../../../arm-none-eabi/lib/armv7-m/libc.a(lib_a-exit.o)
__cmpdf2                                          /Users/cwai_13/Library/Arduino15/packages/arduino/tools/arm-none-eabi-gcc/4.8.3-2014q1/bin/../lib/gcc/arm-none-eabi/4.8.3/armv7-m/libgcc.a(_arm_cmpdf2.o)
__cxa_deleted_virtual                             build-arduino_due_x/libcore.a(abi.cpp.o)
__cxa_pure_virtual                                build-arduino_due_x/libcore.a(abi.cpp.o)
                                                  build-arduino_due_x/libcore.a(Print.cpp.o)
                                                  build-arduino_due_x/libcore.a(UARTClass.cpp.o)
__deregister_frame_info                           /Users/cwai_13/Library/Arduino15/packages/arduino/tools/arm-none-eabi-gcc/4.8.3-2014q1/bin/../lib/gcc/arm-none-eabi/4.8.3/armv7-m/crtbegin.o
__divdf3                                          /Users/cwai_13/Library/Arduino15/packages/arduino/tools/arm-none-eabi-gcc/4.8.3-2014q1/bin/../lib/gcc/arm-none-eabi/4.8.3/armv7-m/libgcc.a(_arm_muldivdf3.o)
__divdi3                                          /Users/cwai_13/Library/Arduino15/packages/arduino/tools/arm-none-eabi-gcc/4.8.3-2014q1/bin/../lib/gcc/arm-none-eabi/4.8.3/armv7-m/libgcc.a(_divdi3.o)
                                                  /Users/cwai_13/Library/Arduino15/packages/arduino/tools/arm-none-eabi-gcc/4.8.3-2014q1/bin/../lib/gcc/arm-none-eabi/4.8.3/armv7-m/libgcc.a(bpabi.o)
__dso_handle                                      /Users/cwai_13/Library/Arduino15/packages/arduino/tools/arm-none-eabi-gcc/4.8.3-2014q1/bin/../lib/gcc/arm-none-eabi/4.8.3/armv7-m/crtbegin.o
__eqdf2                                           /Users/cwai_13/Library/Arduino15/packages/arduino/tools/arm-none-eabi-gcc/4.8.3-2014q1/bin/../lib/gcc/arm-none-eabi/4.8.3/armv7-m/libgcc.a(_arm_cmpdf2.o)
__extendsfdf2                                     /Users/cwai_13/Library/Arduino15/packages/arduino/tools/arm-none-eabi-gcc/4.8.3-2014q1/bin/../lib/gcc/arm-none-eabi/4.8.3/armv7-m/libgcc.a(_arm_addsubdf3.o)
__fini_array_end                                  /Users/cwai_13/Library/Arduino15/packages/arduino/tools/arm-none-eabi-gcc/4.8.3-2014q1/bin/../lib/gcc/arm-none-eabi/4.8.3/../../../../arm-none-eabi/lib/armv7-m/libc.a(lib_a-fini.o)
__fini_array_start                                /Users/cwai_13/Library/Arduino15/packages/arduino/tools/arm-none-eabi-gcc/4.8.3-2014q1/bin/../lib/gcc/arm-none-eabi/4.8.3/../../../../arm-none-eabi/lib/armv7-m/libc.a(lib_a-fini.o)
__fixunsdfsi                                      /Users/cwai_13/Library/Arduino15/packages/arduino/tools/arm-none-eabi-gcc/4.8.3-2014q1/bin/../lib/gcc/arm-none-eabi/4.8.3/armv7-m/libgcc.a(_arm_fixunsdfsi.o)
__floatdidf                                       /Users/cwai_13/Library/Arduino15/packages/arduino/tools/arm-none-eabi-gcc/4.8.3-2014q1/bin/../lib/gcc/arm-none-eabi/4.8.3/armv7-m/libgcc.a(_arm_addsubdf3.o)
__floatsidf                                       /Users/cwai_13/Library/Arduino15/packages/arduino/tools/arm-none-eabi-gcc/4.8.3-2014q1/bin/../lib/gcc/arm-none-eabi/4.8.3/armv7-m/libgcc.a(_arm_addsubdf3.o)
__floatundidf                                     /Users/cwai_13/Library/Arduino15/packages/arduino/tools/arm-none-eabi-gcc/4.8.3-2014q1/bin/../lib/gcc/arm-none-eabi/4.8.3/armv7-m/libgcc.a(_arm_addsubdf3.o)
__floatunsidf                                     /Users/cwai_13/Library/Arduino15/packages/arduino/tools/arm-none-eabi-gcc/4.8.3-2014q1/bin/../lib/gcc/arm-none-eabi/4.8.3/armv7-m/libgcc.a(_arm_addsubdf3.o)
__fp_lock_all                                     /Users/cwai_13/Library/Arduino15/packages/arduino/tools/arm-none-eabi-gcc/4.8.3-2014q1/bin/../lib/gcc/arm-none-eabi/4.8.3/../../../../arm-none-eabi/lib/armv7-m/libc.a(lib_a-findfp.o)
__fp_unlock_all                                   /Users/cwai_13/Library/Arduino15/packages/arduino/tools/arm-none-eabi-gcc/4.8.3-2014q1/bin/../lib/gcc/arm-none-eabi/4.8.3/../../../../arm-none-eabi/lib/armv7-m/libc.a(lib_a-findfp.o)
__fpclassifyd                                     /Users/cwai_13/Library/Arduino15/packages/arduino/tools/arm-none-eabi-gcc/4.8.3-2014q1/bin/../lib/gcc/arm-none-eabi/4.8.3/../../../../arm-none-eabi/lib/armv7-m/libm.a(lib_a-s_fpclassify.o)
                                                  build-arduino_due_x/libcore.a(Print.cpp.o)
__gedf2                                           /Users/cwai_13/Library/Arduino15/packages/arduino/tools/arm-none-eabi-gcc/4.8.3-2014q1/bin/../lib/gcc/arm-none-eabi/4.8.3/armv7-m/libgcc.a(_arm_cmpdf2.o)
__gnu_ldivmod_helper                              /Users/cwai_13/Library/Arduino15/packages/arduino/tools/arm-none-eabi-gcc/4.8.3-2014q1/bin/../lib/gcc/arm-none-eabi/4.8.3/armv7-m/libgcc.a(bpabi.o)
__gnu_uldivmod_helper                             /Users/cwai_13/Library/Arduino15/packages/arduino/tools/arm-none-eabi-gcc/4.8.3-2014q1/bin/../lib/gcc/arm-none-eabi/4.8.3/armv7-m/libgcc.a(bpabi.o)
                                                  /Users/cwai_13/Library/Arduino15/packages/arduino/tools/arm-none-eabi-gcc/4.8.3-2014q1/bin/../lib/gcc/arm-none-eabi/4.8.3/armv7-m/libgcc.a(_aeabi_uldivmod.o)
__gtdf2                                           /Users/cwai_13/Library/Arduino15/packages/arduino/tools/arm-none-eabi-gcc/4.8.3-2014q1/bin/../lib/gcc/arm-none-eabi/4.8.3/armv7-m/libgcc.a(_arm_cmpdf2.o)
__init_array_end                                  /Users/cwai_13/Library/Arduino15/packages/arduino/tools/arm-none-eabi-gcc/4.8.3-2014q1/bin/../lib/gcc/arm-none-eabi/4.8.3/../../../../arm-none-eabi/lib/armv7-m/libc.a(lib_a-init.o)
__init_array_start                                /Users/cwai_13/Library/Arduino15/packages/arduino/tools/arm-none-eabi-gcc/4.8.3-2014q1/bin/../lib/gcc/arm-none-eabi/4.8.3/../../../../arm-none-eabi/lib/armv7-m/libc.a(lib_a-init.o)
__ledf2                                           /Users/cwai_13/Library/Arduino15/packages/arduino/tools/arm-none-eabi-gcc/4.8.3-2014q1/bin/../lib/gcc/arm-none-eabi/4.8.3/armv7-m/libgcc.a(_arm_cmpdf2.o)
__libc_fini                                       /Users/cwai_13/Library/Arduino15/packages/arduino/tools/arm-none-eabi-gcc/4.8.3-2014q1/bin/../lib/gcc/arm-none-eabi/4.8.3/../../../../arm-none-eabi/lib/armv7-m/libc.a(lib_a-__call_atexit.o)
__libc_fini_array                                 /Users/cwai_13/Library/Arduino15/packages/arduino/tools/arm-none-eabi-gcc/4.8.3-2014q1/bin/../lib/gcc/arm-none-eabi/4.8.3/../../../../arm-none-eabi/lib/armv7-m/libc.a(lib_a-fini.o)
                                                  /Users/cwai_13/Library/Arduino15/packages/arduino/tools/arm-none-eabi-gcc/4.8.3-2014q1/bin/../lib/gcc/arm-none-eabi/4.8.3/../../../../arm-none-eabi/lib/armv7-m/libc.a(lib_a-__call_atexit.o)
                                                  /Users/cwai_13/Library/Arduino15/packages/arduino/tools/arm-none-eabi-gcc/4.8.3-2014q1/bin/../lib/gcc/arm-none-eabi/4.8.3/../../../../arm-none-eabi/lib/armv7-m/crt0.o
__libc_init_array                                 /Users/cwai_13/Library/Arduino15/packages/arduino/tools/arm-none-eabi-gcc/4.8.3-2014q1/bin/../lib/gcc/arm-none-eabi/4.8.3/../../../../arm-none-eabi/lib/armv7-m/libc.a(lib_a-init.o)
                                                  build-arduino_due_x/libcore.a(variant.cpp.o)
                                                  /Users/cwai_13/Library/Arduino15/packages/arduino/tools/arm-none-eabi-gcc/4.8.3-2014q1/bin/../lib/gcc/arm-none-eabi/4.8.3/../../../../arm-none-eabi/lib/armv7-m/crt0.o
__locale_charset                                  /Users/cwai_13/Library/Arduino15/packages/arduino/tools/arm-none-eabi-gcc/4.8.3-2014q1/bin/../lib/gcc/arm-none-eabi/4.8.3/../../../../arm-none-eabi/lib/armv7-m/libc.a(lib_a-locale.o)
                                                  /Users/cwai_13/Library/Arduino15/packages/arduino/tools/arm-none-eabi-gcc/4.8.3-2014q1/bin/../lib/gcc/arm-none-eabi/4.8.3/../../../../arm-none-eabi/lib/armv7-m/libc.a(lib_a-wctomb_r.o)
                                                  /Users/cwai_13/Library/Arduino15/packages/arduino/tools/arm-none-eabi-gcc/4.8.3-2014q1/bin/../lib/gcc/arm-none-eabi/4.8.3/../../../../arm-none-eabi/lib/armv7-m/libc.a(lib_a-wcrtomb.o)
__locale_cjk_lang                                 /Users/cwai_13/Library/Arduino15/packages/arduino/tools/arm-none-eabi-gcc/4.8.3-2014q1/bin/../lib/gcc/arm-none-eabi/4.8.3/../../../../arm-none-eabi/lib/armv7-m/libc.a(lib_a-locale.o)
__locale_mb_cur_max                               /Users/cwai_13/Library/Arduino15/packages/arduino/tools/arm-none-eabi-gcc/4.8.3-2014q1/bin/../lib/gcc/arm-none-eabi/4.8.3/../../../../arm-none-eabi/lib/armv7-m/libc.a(lib_a-locale.o)
                                                  /Users/cwai_13/Library/Arduino15/packages/arduino/tools/arm-none-eabi-gcc/4.8.3-2014q1/bin/../lib/gcc/arm-none-eabi/4.8.3/../../../../arm-none-eabi/lib/armv7-m/libc.a(lib_a-fputwc.o)
__locale_msgcharset                               /Users/cwai_13/Library/Arduino15/packages/arduino/tools/arm-none-eabi-gcc/4.8.3-2014q1/bin/../lib/gcc/arm-none-eabi/4.8.3/../../../../arm-none-eabi/lib/armv7-m/libc.a(lib_a-locale.o)
__ltdf2                                           /Users/cwai_13/Library/Arduino15/packages/arduino/tools/arm-none-eabi-gcc/4.8.3-2014q1/bin/../lib/gcc/arm-none-eabi/4.8.3/armv7-m/libgcc.a(_arm_cmpdf2.o)
__malloc_av_                                      /Users/cwai_13/Library/Arduino15/packages/arduino/tools/arm-none-eabi-gcc/4.8.3-2014q1/bin/../lib/gcc/arm-none-eabi/4.8.3/../../../../arm-none-eabi/lib/armv7-m/libc.a(lib_a-mallocr.o)
                                                  /Users/cwai_13/Library/Arduino15/packages/arduino/tools/arm-none-eabi-gcc/4.8.3-2014q1/bin/../lib/gcc/arm-none-eabi/4.8.3/../../../../arm-none-eabi/lib/armv7-m/libc.a(lib_a-reallocr.o)
                                                  /Users/cwai_13/Library/Arduino15/packages/arduino/tools/arm-none-eabi-gcc/4.8.3-2014q1/bin/../lib/gcc/arm-none-eabi/4.8.3/../../../../arm-none-eabi/lib/armv7-m/libc.a(lib_a-freer.o)
__malloc_current_mallinfo                         /Users/cwai_13/Library/Arduino15/packages/arduino/tools/arm-none-eabi-gcc/4.8.3-2014q1/bin/../lib/gcc/arm-none-eabi/4.8.3/../../../../arm-none-eabi/lib/armv7-m/libc.a(lib_a-mallocr.o)
                                                  /Users/cwai_13/Library/Arduino15/packages/arduino/tools/arm-none-eabi-gcc/4.8.3-2014q1/bin/../lib/gcc/arm-none-eabi/4.8.3/../../../../arm-none-eabi/lib/armv7-m/libc.a(lib_a-freer.o)
__malloc_lock                                     /Users/cwai_13/Library/Arduino15/packages/arduino/tools/arm-none-eabi-gcc/4.8.3-2014q1/bin/../lib/gcc/arm-none-eabi/4.8.3/../../../../arm-none-eabi/lib/armv7-m/libc.a(lib_a-mlock.o)
                                                  /Users/cwai_13/Library/Arduino15/packages/arduino/tools/arm-none-eabi-gcc/4.8.3-2014q1/bin/../lib/gcc/arm-none-eabi/4.8.3/../../../../arm-none-eabi/lib/armv7-m/libc.a(lib_a-reallocr.o)
                                                  /Users/cwai_13/Library/Arduino15/packages/arduino/tools/arm-none-eabi-gcc/4.8.3-2014q1/bin/../lib/gcc/arm-none-eabi/4.8.3/../../../../arm-none-eabi/lib/armv7-m/libc.a(lib_a-mallocr.o)
                                                  /Users/cwai_13/Library/Arduino15/packages/arduino/tools/arm-none-eabi-gcc/4.8.3-2014q1/bin/../lib/gcc/arm-none-eabi/4.8.3/../../../../arm-none-eabi/lib/armv7-m/libc.a(lib_a-freer.o)
__malloc_max_sbrked_mem                           /Users/cwai_13/Library/Arduino15/packages/arduino/tools/arm-none-eabi-gcc/4.8.3-2014q1/bin/../lib/gcc/arm-none-eabi/4.8.3/../../../../arm-none-eabi/lib/armv7-m/libc.a(lib_a-mallocr.o)
__malloc_max_total_mem                            /Users/cwai_13/Library/Arduino15/packages/arduino/tools/arm-none-eabi-gcc/4.8.3-2014q1/bin/../lib/gcc/arm-none-eabi/4.8.3/../../../../arm-none-eabi/lib/armv7-m/libc.a(lib_a-mallocr.o)
__malloc_sbrk_base                                /Users/cwai_13/Library/Arduino15/packages/arduino/tools/arm-none-eabi-gcc/4.8.3-2014q1/bin/../lib/gcc/arm-none-eabi/4.8.3/../../../../arm-none-eabi/lib/armv7-m/libc.a(lib_a-mallocr.o)
                                                  /Users/cwai_13/Library/Arduino15/packages/arduino/tools/arm-none-eabi-gcc/4.8.3-2014q1/bin/../lib/gcc/arm-none-eabi/4.8.3/../../../../arm-none-eabi/lib/armv7-m/libc.a(lib_a-freer.o)
__malloc_top_pad                                  /Users/cwai_13/Library/Arduino15/packages/arduino/tools/arm-none-eabi-gcc/4.8.3-2014q1/bin/../lib/gcc/arm-none-eabi/4.8.3/../../../../arm-none-eabi/lib/armv7-m/libc.a(lib_a-mallocr.o)
                                                  /Users/cwai_13/Library/Arduino15/packages/arduino/tools/arm-none-eabi-gcc/4.8.3-2014q1/bin/../lib/gcc/arm-none-eabi/4.8.3/../../../../arm-none-eabi/lib/armv7-m/libc.a(lib_a-freer.o)
__malloc_trim_threshold                           /Users/cwai_13/Library/Arduino15/packages/arduino/tools/arm-none-eabi-gcc/4.8.3-2014q1/bin/../lib/gcc/arm-none-eabi/4.8.3/../../../../arm-none-eabi/lib/armv7-m/libc.a(lib_a-mallocr.o)
                                                  /Users/cwai_13/Library/Arduino15/packages/arduino/tools/arm-none-eabi-gcc/4.8.3-2014q1/bin/../lib/gcc/arm-none-eabi/4.8.3/../../../../arm-none-eabi/lib/armv7-m/libc.a(lib_a-freer.o)
__malloc_unlock                                   /Users/cwai_13/Library/Arduino15/packages/arduino/tools/arm-none-eabi-gcc/4.8.3-2014q1/bin/../lib/gcc/arm-none-eabi/4.8.3/../../../../arm-none-eabi/lib/armv7-m/libc.a(lib_a-mlock.o)
                                                  /Users/cwai_13/Library/Arduino15/packages/arduino/tools/arm-none-eabi-gcc/4.8.3-2014q1/bin/../lib/gcc/arm-none-eabi/4.8.3/../../../../arm-none-eabi/lib/armv7-m/libc.a(lib_a-reallocr.o)
                                                  /Users/cwai_13/Library/Arduino15/packages/arduino/tools/arm-none-eabi-gcc/4.8.3-2014q1/bin/../lib/gcc/arm-none-eabi/4.8.3/../../../../arm-none-eabi/lib/armv7-m/libc.a(lib_a-mallocr.o)
                                                  /Users/cwai_13/Library/Arduino15/packages/arduino/tools/arm-none-eabi-gcc/4.8.3-2014q1/bin/../lib/gcc/arm-none-eabi/4.8.3/../../../../arm-none-eabi/lib/armv7-m/libc.a(lib_a-freer.o)
__mb_cur_max                                      /Users/cwai_13/Library/Arduino15/packages/arduino/tools/arm-none-eabi-gcc/4.8.3-2014q1/bin/../lib/gcc/arm-none-eabi/4.8.3/../../../../arm-none-eabi/lib/armv7-m/libc.a(lib_a-locale.o)
__mlocale_changed                                 /Users/cwai_13/Library/Arduino15/packages/arduino/tools/arm-none-eabi-gcc/4.8.3-2014q1/bin/../lib/gcc/arm-none-eabi/4.8.3/../../../../arm-none-eabi/lib/armv7-m/libc.a(lib_a-locale.o)
__muldf3                                          /Users/cwai_13/Library/Arduino15/packages/arduino/tools/arm-none-eabi-gcc/4.8.3-2014q1/bin/../lib/gcc/arm-none-eabi/4.8.3/armv7-m/libgcc.a(_arm_muldivdf3.o)
__nedf2                                           /Users/cwai_13/Library/Arduino15/packages/arduino/tools/arm-none-eabi-gcc/4.8.3-2014q1/bin/../lib/gcc/arm-none-eabi/4.8.3/armv7-m/libgcc.a(_arm_cmpdf2.o)
__nlocale_changed                                 /Users/cwai_13/Library/Arduino15/packages/arduino/tools/arm-none-eabi-gcc/4.8.3-2014q1/bin/../lib/gcc/arm-none-eabi/4.8.3/../../../../arm-none-eabi/lib/armv7-m/libc.a(lib_a-locale.o)
__preinit_array_end                               /Users/cwai_13/Library/Arduino15/packages/arduino/tools/arm-none-eabi-gcc/4.8.3-2014q1/bin/../lib/gcc/arm-none-eabi/4.8.3/../../../../arm-none-eabi/lib/armv7-m/libc.a(lib_a-init.o)
__preinit_array_start                             /Users/cwai_13/Library/Arduino15/packages/arduino/tools/arm-none-eabi-gcc/4.8.3-2014q1/bin/../lib/gcc/arm-none-eabi/4.8.3/../../../../arm-none-eabi/lib/armv7-m/libc.a(lib_a-init.o)
__register_exitproc                               /Users/cwai_13/Library/Arduino15/packages/arduino/tools/arm-none-eabi-gcc/4.8.3-2014q1/bin/../lib/gcc/arm-none-eabi/4.8.3/../../../../arm-none-eabi/lib/armv7-m/libc.a(lib_a-__atexit.o)
                                                  /Users/cwai_13/Library/Arduino15/packages/arduino/tools/arm-none-eabi-gcc/4.8.3-2014q1/bin/../lib/gcc/arm-none-eabi/4.8.3/../../../../arm-none-eabi/lib/armv7-m/libc.a(lib_a-atexit.o)
__register_frame_info                             /Users/cwai_13/Library/Arduino15/packages/arduino/tools/arm-none-eabi-gcc/4.8.3-2014q1/bin/../lib/gcc/arm-none-eabi/4.8.3/armv7-m/crtbegin.o